Component: ARM Compiler 5.06 update 7 (build 960) Tool: armlink [4d3601]

==============================================================================

Section Cross References

    startup_stm32f407xx.o(RESET) refers to startup_stm32f407xx.o(STACK) for __initial_sp
    startup_stm32f407xx.o(RESET) refers to startup_stm32f407xx.o(.text) for Reset_Handler
    startup_stm32f407xx.o(RESET) refers to stm32f4xx_it.o(i.NMI_Handler) for NMI_Handler
    startup_stm32f407xx.o(RESET) refers to stm32f4xx_it.o(i.HardFault_Handler) for HardFault_Handler
    startup_stm32f407xx.o(RESET) refers to stm32f4xx_it.o(i.MemManage_Handler) for MemManage_Handler
    startup_stm32f407xx.o(RESET) refers to stm32f4xx_it.o(i.BusFault_Handler) for BusFault_Handler
    startup_stm32f407xx.o(RESET) refers to stm32f4xx_it.o(i.UsageFault_Handler) for UsageFault_Handler
    startup_stm32f407xx.o(RESET) refers to port.o(.emb_text) for SVC_Handler
    startup_stm32f407xx.o(RESET) refers to stm32f4xx_it.o(i.DebugMon_Handler) for DebugMon_Handler
    startup_stm32f407xx.o(RESET) refers to port.o(i.SysTick_Handler) for SysTick_Handler
    startup_stm32f407xx.o(RESET) refers to stm32f4xx_it.o(i.EXTI9_5_IRQHandler) for EXTI9_5_IRQHandler
    startup_stm32f407xx.o(RESET) refers to irq_process.o(i.TIM1_CC_IRQHandler) for TIM1_CC_IRQHandler
    startup_stm32f407xx.o(RESET) refers to irq_process.o(i.USART1_IRQHandler) for USART1_IRQHandler
    startup_stm32f407xx.o(RESET) refers to irq_process.o(i.USART3_IRQHandler) for USART3_IRQHandler
    startup_stm32f407xx.o(RESET) refers to irq_process.o(i.TIM8_TRG_COM_TIM14_IRQHandler) for TIM8_TRG_COM_TIM14_IRQHandler
    startup_stm32f407xx.o(RESET) refers to irq_process.o(i.UART4_IRQHandler) for UART4_IRQHandler
    startup_stm32f407xx.o(RESET) refers to irq_process.o(i.UART5_IRQHandler) for UART5_IRQHandler
    startup_stm32f407xx.o(RESET) refers to irq_process.o(i.DMA2_Stream1_IRQHandler) for DMA2_Stream1_IRQHandler
    startup_stm32f407xx.o(RESET) refers to irq_process.o(i.USART6_IRQHandler) for USART6_IRQHandler
    startup_stm32f407xx.o(.text) refers to system_stm32f4xx.o(i.SystemInit) for SystemInit
    startup_stm32f407xx.o(.text) refers to entry.o(.ARM.Collect$$$$00000000) for __main
    main.o(i.main) refers to board_hw_config.o(i.SYSCFG_PWR_Init) for SYSCFG_PWR_Init
    main.o(i.main) refers to board_hw_config.o(i.SystemClock_Config) for SystemClock_Config
    main.o(i.main) refers to board_hw_config.o(i.HW_Clock_Config) for HW_Clock_Config
    main.o(i.main) refers to gpio_board_config.o(i.GPIO_Board_Config) for GPIO_Board_Config
    main.o(i.main) refers to gpio_robot_config.o(i.GPIO_Robot_Config) for GPIO_Robot_Config
    main.o(i.main) refers to board_hw_config.o(i.SPI1_Board_HW_Init) for SPI1_Board_HW_Init
    main.o(i.main) refers to spi_gpio.o(i.SPI_GPIO_ResetOutputPin) for SPI_GPIO_ResetOutputPin
    main.o(i.main) refers to board_hw_config.o(i.USART1_Terminal_Init) for USART1_Terminal_Init
    main.o(i.main) refers to board_hw_config.o(i.USART3_Dynamixel_Init) for USART3_Dynamixel_Init
    main.o(i.main) refers to board_hw_config.o(i.UART4_RS485_Init) for UART4_RS485_Init
    main.o(i.main) refers to board_hw_config.o(i.UART5_Serial_Init) for UART5_Serial_Init
    main.o(i.main) refers to board_hw_config.o(i.USART6_RS485_Init) for USART6_RS485_Init
    main.o(i.main) refers to board_hw_config.o(i.TIM1_Steppers_PWM_Init) for TIM1_Steppers_PWM_Init
    main.o(i.main) refers to board_hw_config.o(i.TIM4_RC_Servos_0123_Init) for TIM4_RC_Servos_0123_Init
    main.o(i.main) refers to board_hw_config.o(i.TIM5_RC_Servos_4567_Init) for TIM5_RC_Servos_4567_Init
    main.o(i.main) refers to board_hw_config.o(i.TIM8_WS2812B_Init) for TIM8_WS2812B_Init
    main.o(i.main) refers to board_hw_config.o(i.TIM14_USARTx_Timeout_Init) for TIM14_USARTx_Timeout_Init
    main.o(i.main) refers to usartx_communication.o(i.USARTx_AttachProtocol) for USARTx_AttachProtocol
    main.o(i.main) refers to main.o(i.EXTI_Init) for EXTI_Init
    main.o(i.main) refers to main.o(i.HB_Init) for HB_Init
    main.o(i.main) refers to tasks.o(i.vTaskStartScheduler) for vTaskStartScheduler
    main.o(i.main) refers to hl_new.o(.data) for HL_new
    main.o(i.main) refers to dynamixel_protocol10.o(.data) for Dynamixel_Protocol10
    main.o(i.main) refers to serial_protocol.o(.data) for Serial
    main.o(i.main) refers to button_task.o(.data) for Button_Task
    main.o(i.main) refers to odometry_task.o(.data) for Odometry_Task
    main.o(i.main) refers to terminal_task.o(.data) for Terminal_Task
    main.o(i.main) refers to game_task.o(.data) for Game_Task
    main.o(i.main) refers to grub_pile_task.o(.data) for Grub_Pile_Task
    main.o(i.main) refers to release_pile_task.o(.data) for Release_Pile_Task
    main.o(i.main) refers to task_dc.o(.data) for DC_Task
    main.o(i.main) refers to task_dc0.o(.data) for DC0_Task
    main.o(i.main) refers to task_dc1.o(.data) for DC1_Task
[...]
    DCMI_IRQHandler                          0x0800027b   Thumb Code     0  startup_stm32f407xx.o(.text)
    DMA1_Stream0_IRQHandler                  0x0800027b   Thumb Code     0  startup_stm32f407xx.o(.text)
    DMA1_Stream1_IRQHandler                  0x0800027b   Thumb Code     0  startup_stm32f407xx.o(.text)
    DMA1_Stream2_IRQHandler                  0x0800027b   Thumb Code     0  startup_stm32f407xx.o(.text)
    DMA1_Stream3_IRQHandler                  0x0800027b   Thumb Code     0  startup_stm32f407xx.o(.text)
    DMA1_Stream4_IRQHandler                  0x0800027b   Thumb Code     0  startup_stm32f407xx.o(.text)
    DMA1_Stream5_IRQHandler                  0x0800027b   Thumb Code     0  startup_stm32f407xx.o(.text)
    DMA1_Stream6_IRQHandler                  0x0800027b   Thumb Code     0  startup_stm32f407xx.o(.text)
    DMA1_Stream7_IRQHandler                  0x0800027b   Thumb Code     0  startup_stm32f407xx.o(.text)
    DMA2_Stream0_IRQHandler                  0x0800027b   Thumb Code     0  startup_stm32f407xx.o(.text)
    DMA2_Stream2_IRQHandler                  0x0800027b   Thumb Code     0  startup_stm32f407xx.o(.text)
    DMA2_Stream3_IRQHandler                  0x0800027b   Thumb Code     0  startup_stm32f407xx.o(.text)
    DMA2_Stream4_IRQHandler                  0x0800027b   Thumb Code     0  startup_stm32f407xx.o(.text)
    DMA2_Stream5_IRQHandler                  0x0800027b   Thumb Code     0  startup_stm32f407xx.o(.text)
    DMA2_Stream6_IRQHandler                  0x0800027b   Thumb Code     0  startup_stm32f407xx.o(.text)
    DMA2_Stream7_IRQHandler                  0x0800027b   Thumb Code     0  startup_stm32f407xx.o(.text)
    ETH_IRQHandler                           0x0800027b   Thumb Code     0  startup_stm32f407xx.o(.text)
    ETH_WKUP_IRQHandler                      0x0800027b   Thumb Code     0  startup_stm32f407xx.o(.text)
    EXTI0_IRQHandler                         0x0800027b   Thumb Code     0  startup_stm32f407xx.o(.text)
    EXTI15_10_IRQHandler                     0x0800027b   Thumb Code     0  startup_stm32f407xx.o(.text)
    EXTI1_IRQHandler                         0x0800027b   Thumb Code     0  startup_stm32f407xx.o(.text)
    EXTI2_IRQHandler                         0x0800027b   Thumb Code     0  startup_stm32f407xx.o(.text)
    EXTI3_IRQHandler                         0x0800027b   Thumb Code     0  startup_stm32f407xx.o(.text)
    EXTI4_IRQHandler                         0x0800027b   Thumb Code     0  startup_stm32f407xx.o(.text)
    FLASH_IRQHandler                         0x0800027b   Thumb Code     0  startup_stm32f407xx.o(.text)
    FMC_IRQHandler                           0x0800027b   Thumb Code     0  startup_stm32f407xx.o(.text)
    FPU_IRQHandler                           0x0800027b   Thumb Code     0  startup_stm32f407xx.o(.text)
    HASH_RNG_IRQHandler                      0x0800027b   Thumb Code     0  startup_stm32f407xx.o(.text)
    I2C1_ER_IRQHandler                       0x0800027b   Thumb Code     0  startup_stm32f407xx.o(.text)
    I2C1_EV_IRQHandler                       0x0800027b   Thumb Code     0  startup_stm32f407xx.o(.text)
    I2C2_ER_IRQHandler                       0x0800027b   Thumb Code     0  startup_stm32f407xx.o(.text)
    I2C2_EV_IRQHandler                       0x0800027b   Thumb Code     0  startup_stm32f407xx.o(.text)
    I2C3_ER_IRQHandler                       0x0800027b   Thumb Code     0  startup_stm32f407xx.o(.text)
    I2C3_EV_IRQHandler                       0x0800027b   Thumb Code     0  startup_stm32f407xx.o(.text)
    OTG_FS_IRQHandler                        0x0800027b   Thumb Code     0  startup_stm32f407xx.o(.text)
    OTG_FS_WKUP_IRQHandler                   0x0800027b   Thumb Code     0  startup_stm32f407xx.o(.text)
    OTG_HS_EP1_IN_IRQHandler                 0x0800027b   Thumb Code     0  startup_stm32f407xx.o(.text)
    OTG_HS_EP1_OUT_IRQHandler                0x0800027b   Thumb Code     0  startup_stm32f407xx.o(.text)
    OTG_HS_IRQHandler                        0x0800027b   Thumb Code     0  startup_stm32f407xx.o(.text)
    OTG_HS_WKUP_IRQHandler                   0x0800027b   Thumb Code     0  startup_stm32f407xx.o(.text)
    PVD_IRQHandler                           0x0800027b   Thumb Code     0  startup_stm32f407xx.o(.text)
    RCC_IRQHandler                           0x0800027b   Thumb Code     0  startup_stm32f407xx.o(.text)
    RTC_Alarm_IRQHandler                     0x0800027b   Thumb Code     0  startup_stm32f407xx.o(.text)
    RTC_WKUP_IRQHandler                      0x0800027b   Thumb Code     0  startup_stm32f407xx.o(.text)
    SDIO_IRQHandler                          0x0800027b   Thumb Code     0  startup_stm32f407xx.o(.text)
    SPI1_IRQHandler                          0x0800027b   Thumb Code     0  startup_stm32f407xx.o(.text)
    SPI2_IRQHandler                          0x0800027b   Thumb Code     0  startup_stm32f407xx.o(.text)
    SPI3_IRQHandler                          0x0800027b   Thumb Code     0  startup_stm32f407xx.o(.text)
    TAMP_STAMP_IRQHandler                    0x0800027b   Thumb Code     0  startup_stm32f407xx.o(.text)
    TIM1_BRK_TIM9_IRQHandler                 0x0800027b   Thumb Code     0  startup_stm32f407xx.o(.text)
    TIM1_TRG_COM_TIM11_IRQHandler            0x0800027b   Thumb Code     0  startup_stm32f407xx.o(.text)
    TIM1_UP_TIM10_IRQHandler                 0x0800027b   Thumb Code     0  startup_stm32f407xx.o(.text)
    TIM2_IRQHandler                          0x0800027b   Thumb Code     0  startup_stm32f407xx.o(.text)
    TIM3_IRQHandler                          0x0800027b   Thumb Code     0  startup_stm32f407xx.o(.text)
    TIM4_IRQHandler                          0x0800027b   Thumb Code     0  startup_stm32f407xx.o(.text)
    TIM5_IRQHandler                          0x0800027b   Thumb Code     0  startup_stm32f407xx.o(.text)
    TIM6_DAC_IRQHandler                      0x0800027b   Thumb Code     0  startup_stm32f407xx.o(.text)
    TIM7_IRQHandler                          0x0800027b   Thumb Code     0  startup_stm32f407xx.o(.text)
    TIM8_BRK_TIM12_IRQHandler                0x0800027b   Thumb Code     0  startup_stm32f407xx.o(.text)
    TIM8_CC_IRQHandler                       0x0800027b   Thumb Code     0  startup_stm32f407xx.o(.text)
    TIM8_UP_TIM13_IRQHandler                 0x0800027b   Thumb Code     0  startup_stm32f407xx.o(.text)
    USART2_IRQHandler                        0x0800027b   Thumb Code     0  startup_stm32f407xx.o(.text)
    WWDG_IRQHandler                          0x0800027b   Thumb Code     0  startup_stm32f407xx.o(.text)
    __aeabi_uldivmod                         0x08000285   Thumb Code    98  uldiv.o(.text)
    __aeabi_memcpy                           0x080002e7   Thumb Code    36  memcpya.o(.text)
    __aeabi_memcpy4                          0x080002e7   Thumb Code     0  memcpya.o(.text)
    __aeabi_memcpy8                          0x080002e7   Thumb Code     0  memcpya.o(.text)
    __aeabi_memset                           0x0800030b   Thumb Code    14  memseta.o(.text)
    __aeabi_memset4                          0x0800030b   Thumb Code     0  memseta.o(.text)
    __aeabi_memset8                          0x0800030b   Thumb Code     0  memseta.o(.text)
    __aeabi_memclr                           0x08000319   Thumb Code     4  memseta.o(.text)
    __aeabi_memclr4                          0x08000319   Thumb Code     0  memseta.o(.text)
    __aeabi_memclr8                          0x08000319   Thumb Code     0  memseta.o(.text)
    memset                                   0x0800031d   Thumb Code    18  memseta.o(.text)
    __aeabi_llsl                             0x0800032f   Thumb Code    30  llshl.o(.text)
    _ll_shift_l                              0x0800032f   Thumb Code     0  llshl.o(.text)
    __aeabi_llsr                             0x0800034d   Thumb Code    32  llushr.o(.text)
    _ll_ushift_r                             0x0800034d   Thumb Code     0  llushr.o(.text)
    __scatterload                            0x0800036d   Thumb Code    28  init.o(.text)
    __scatterload_rt2                        0x0800036d   Thumb Code     0  init.o(.text)
    __decompress                             0x08000391   Thumb Code     0  __dczerorl2.o(.text)
    __decompress1                            0x08000391   Thumb Code    86  __dczerorl2.o(.text)
    BusFault_Handler                         0x080005fb   Thumb Code     4  stm32f4xx_it.o(i.BusFault_Handler)
    ControlButtons_Callback                  0x080006ed   Thumb Code   208  robot_behavior_routine.o(i.ControlButtons_Callback)
    DMA2_Stream1_IRQHandler                  0x08000c99   Thumb Code     8  irq_process.o(i.DMA2_Stream1_IRQHandler)
    DMA_WS2812B_IRQ_Process                  0x08000ca1   Thumb Code   122  ws2812b.o(i.DMA_WS2812B_IRQ_Process)
    DebugMon_Handler                         0x08000d29   Thumb Code     2  stm32f4xx_it.o(i.DebugMon_Handler)
    EXTI9_5_IRQHandler                       0x08000e31   Thumb Code    30  stm32f4xx_it.o(i.EXTI9_5_IRQHandler)
    EXTI_Init                                0x08000e5d   Thumb Code   110  main.o(i.EXTI_Init)
    FIFO_Add                                 0x08001065   Thumb Code    54  fifo_routine.o(i.FIFO_Add)
    FIFO_Init                                0x0800109b   Thumb Code    18  fifo_routine.o(i.FIFO_Init)
    FIFO_IsNotEmpty                          0x080010ad   Thumb Code    14  fifo_routine.o(i.FIFO_IsNotEmpty)
    FIFO_IsNotFull                           0x080010bb   Thumb Code    20  fifo_routine.o(i.FIFO_IsNotFull)
    FIFO_MovePtr                             0x080010cf   Thumb Code    26  fifo_routine.o(i.FIFO_MovePtr)
    FIFO_Remove                              0x080010e9   Thumb Code    46  fifo_routine.o(i.FIFO_Remove)
    GPIO_Board_Config                        0x08001119   Thumb Code  1156  gpio_board_config.o(i.GPIO_Board_Config)
    GPIO_Robot_Config                        0x080015a5   Thumb Code   206  gpio_robot_config.o(i.GPIO_Robot_Config)
    Get_Request                              0x08001c8d   Thumb Code    16  terminal.o(i.Get_Request)
    HB_Init                                  0x08001e19   Thumb Code   110  main.o(i.HB_Init)
    HW_Clock_Config                          0x08001e91   Thumb Code    82  board_hw_config.o(i.HW_Clock_Config)
    HardFault_Handler                        0x08001ee3   Thumb Code    20  stm32f4xx_it.o(i.HardFault_Handler)
    LL_DMA_Init                              0x08002125   Thumb Code   208  stm32f4xx_ll_dma.o(i.LL_DMA_Init)
    LL_DMA_StructInit                        0x08002219   Thumb Code    34  stm32f4xx_ll_dma.o(i.LL_DMA_StructInit)
    LL_GPIO_Init                             0x0800223b   Thumb Code   312  stm32f4xx_ll_gpio.o(i.LL_GPIO_Init)
    LL_SPI_Init                              0x080023b5   Thumb Code   108  stm32f4xx_ll_spi.o(i.LL_SPI_Init)
    LL_SPI_StructInit                        0x0800245b   Thumb Code    26  stm32f4xx_ll_spi.o(i.LL_SPI_StructInit)
    MaxonsDisable                            0x08002a19   Thumb Code    40  robot_behavior_routine.o(i.MaxonsDisable)
    MaxonsEnable                             0x08002a49   Thumb Code    52  robot_behavior_routine.o(i.MaxonsEnable)
    MaxonsStop                               0x08002a89   Thumb Code    46  robot_behavior_routine.o(i.MaxonsStop)
    MemManage_Handler                        0x08002ac1   Thumb Code     4  stm32f4xx_it.o(i.MemManage_Handler)
    NMI_Handler                              0x08002c25   Thumb Code     4  stm32f4xx_it.o(i.NMI_Handler)
    ReadBytes                                0x08003315   Thumb Code   134  serial_protocol.o(i.ReadBytes)
    Reset_Timeout                            0x08003515   Thumb Code    14  usartx_timeout.o(i.Reset_Timeout)
    SPI1_Board_HW_Init                       0x0800354d   Thumb Code    86  board_hw_config.o(i.SPI1_Board_HW_Init)
    SPI_GPIO_ResetOutputPin                  0x080035a9   Thumb Code   130  spi_gpio.o(i.SPI_GPIO_ResetOutputPin)
    SPI_GPIO_SetOutputPin                    0x08003639   Thumb Code   130  spi_gpio.o(i.SPI_GPIO_SetOutputPin)
    SYSCFG_PWR_Init                          0x080036c9   Thumb Code    20  board_hw_config.o(i.SYSCFG_PWR_Init)
    Send_Response                            0x080036e5   Thumb Code    16  terminal.o(i.Send_Response)
    Set_Timeout                              0x08003c8d   Thumb Code    86  usartx_timeout.o(i.Set_Timeout)
    StopAllActuators                         0x08004049   Thumb Code     8  robot_behavior_routine.o(i.StopAllActuators)
    SysTick_Handler                          0x0800426d   Thumb Code    46  port.o(i.SysTick_Handler)
    SystemClock_Config                       0x080042a1   Thumb Code   270  board_hw_config.o(i.SystemClock_Config)
    SystemCoreClockUpdate                    0x080043c5   Thumb Code   170  system_stm32f4xx.o(i.SystemCoreClockUpdate)
    SystemInit                               0x08004481   Thumb Code    14  system_stm32f4xx.o(i.SystemInit)
    TIM14_USARTx_Timeout_Init                0x08004495   Thumb Code    98  board_hw_config.o(i.TIM14_USARTx_Timeout_Init)
    TIM1_CC_IRQHandler                       0x080044fd   Thumb Code     8  irq_process.o(i.TIM1_CC_IRQHandler)
    TIM1_Steppers_PWM_CC_IRQ_Process         0x08004505   Thumb Code   148  stepper.o(i.TIM1_Steppers_PWM_CC_IRQ_Process)
    TIM1_Steppers_PWM_Init                   0x080045a5   Thumb Code   308  board_hw_config.o(i.TIM1_Steppers_PWM_Init)
    TIM4_RC_Servos_0123_Init                 0x080046dd   Thumb Code   218  board_hw_config.o(i.TIM4_RC_Servos_0123_Init)
    TIM5_RC_Servos_4567_Init                 0x080047bd   Thumb Code   218  board_hw_config.o(i.TIM5_RC_Servos_4567_Init)
    TIM8_TRG_COM_TIM14_IRQHandler            0x0800489d   Thumb Code     8  irq_process.o(i.TIM8_TRG_COM_TIM14_IRQHandler)
    TIM8_WS2812B_Init                        0x080048a5   Thumb Code   204  board_hw_config.o(i.TIM8_WS2812B_Init)
    Terminal_Cmd_Handlers_Init               0x080076e1   Thumb Code   140  terminal_cmd_handler.o(i.Terminal_Cmd_Handlers_Init)
    UART4_IRQHandler                         0x080079c9   Thumb Code    10  irq_process.o(i.UART4_IRQHandler)
    UART4_RS485_Init                         0x080079d9   Thumb Code   184  board_hw_config.o(i.UART4_RS485_Init)
    UART5_IRQHandler                         0x08007aa1   Thumb Code    10  irq_process.o(i.UART5_IRQHandler)
    UART5_Serial_Init                        0x08007ab1   Thumb Code   190  board_hw_config.o(i.UART5_Serial_Init)
    USART1_IRQHandler                        0x08007b7d   Thumb Code    10  irq_process.o(i.USART1_IRQHandler)
    USART1_Terminal_Init                     0x08007b8d   Thumb Code   184  board_hw_config.o(i.USART1_Terminal_Init)
    USART3_Dynamixel_Init                    0x08007c51   Thumb Code   214  board_hw_config.o(i.USART3_Dynamixel_Init)
    USART3_IRQHandler                        0x08007d3d   Thumb Code    10  irq_process.o(i.USART3_IRQHandler)
    USART6_IRQHandler                        0x08007d4d   Thumb Code    10  irq_process.o(i.USART6_IRQHandler)
    USART6_RS485_Init                        0x08007d5d   Thumb Code   182  board_hw_config.o(i.USART6_RS485_Init)
    USARTx_AttachProtocol                    0x0800806d   Thumb Code   330  usartx_communication.o(i.USARTx_AttachProtocol)
    USARTx_IRQ_Process                       0x08008271   Thumb Code   104  usartx_communication.o(i.USARTx_IRQ_Process)
    USARTx_Timeout_IRQ_Process               0x080082dd   Thumb Code    44  usartx_timeout.o(i.USARTx_Timeout_IRQ_Process)
    UsageFault_Handler                       0x080084d5   Thumb Code     4  stm32f4xx_it.o(i.UsageFault_Handler)
    WriteBytes                               0x080084f9   Thumb Code    56  serial_protocol.o(i.WriteBytes)
    __scatterload_copy                       0x0800865d   Thumb Code    14  handlers.o(i.__scatterload_copy)
    __scatterload_null                       0x0800866b   Thumb Code     2  handlers.o(i.__scatterload_null)
    __scatterload_zeroinit                   0x0800866d   Thumb Code    14  handlers.o(i.__scatterload_zeroinit)
    arm_cos_f32                              0x0800867d   Thumb Code   132  arm_cos_f32.o(i.arm_cos_f32)
    arm_mat_init_f32                         0x0800870d   Thumb Code     8  arm_mat_init_f32.o(i.arm_mat_init_f32)
    arm_mat_mult_f32                         0x08008715   Thumb Code   320  arm_mat_mult_f32.o(i.arm_mat_mult_f32)
    arm_sin_f32                              0x08008859   Thumb Code   158  arm_sin_f32.o(i.arm_sin_f32)
    driveDC                                  0x08008909   Thumb Code   356  dc_motor.o(i.driveDC)
    main                                     0x08008a79   Thumb Code   288  main.o(i.main)
    pxPortInitialiseStack                    0x08008fad   Thumb Code    38  port.o(i.pxPortInitialiseStack)
    setPosition                              0x08008fd9   Thumb Code   556  dc_motor.o(i.setPosition)
    setPosition01motor                       0x08009215   Thumb Code   650  dc_motor.o(i.setPosition01motor)
    setPosition1motor                        0x080094ad   Thumb Code   214  dc_motor.o(i.setPosition1motor)
    setPosition2motor                        0x0800958d   Thumb Code   198  dc_motor.o(i.setPosition2motor)
    uxListRemove                             0x08009659   Thumb Code    40  list.o(i.uxListRemove)
    vApplicationGetIdleTaskMemory            0x08009681   Thumb Code    14  freertos_routine_plug.o(i.vApplicationGetIdleTaskMemory)
    vListInitialise                          0x08009699   Thumb Code    26  list.o(i.vListInitialise)
    vListInitialiseItem                      0x080096b3   Thumb Code     6  list.o(i.vListInitialiseItem)
    vListInsert                              0x080096b9   Thumb Code    52  list.o(i.vListInsert)
    vListInsertEnd                           0x080096ed   Thumb Code    24  list.o(i.vListInsertEnd)
    vPortEnterCritical                       0x08009705   Thumb Code    76  port.o(i.vPortEnterCritical)
    vPortExitCritical                        0x08009759   Thumb Code    56  port.o(i.vPortExitCritical)
    vPortSetupTimerInterrupt                 0x08009795   Thumb Code    36  port.o(i.vPortSetupTimerInterrupt)
    vTaskDelay                               0x080097bd   Thumb Code    82  tasks.o(i.vTaskDelay)
    vTaskResume                              0x08009819   Thumb Code   128  tasks.o(i.vTaskResume)
    vTaskStartScheduler                      0x080098a9   Thumb Code   150  tasks.o(i.vTaskStartScheduler)
    vTaskSuspend                             0x08009961   Thumb Code   224  tasks.o(i.vTaskSuspend)
    vTaskSuspendAll                          0x08009a61   Thumb Code    12  tasks.o(i.vTaskSuspendAll)
    vTaskSwitchContext                       0x08009a71   Thumb Code   118  tasks.o(i.vTaskSwitchContext)
    xPortStartScheduler                      0x08009afd   Thumb Code   330  port.o(i.xPortStartScheduler)
    xTaskCreateStatic                        0x08009c65   Thumb Code   180  tasks.o(i.xTaskCreateStatic)
    xTaskDelayUntil                          0x08009d19   Thumb Code   202  tasks.o(i.xTaskDelayUntil)
    xTaskGetTickCount                        0x08009df1   Thumb Code     6  tasks.o(i.xTaskGetTickCount)
    xTaskIncrementTick                       0x08009dfd   Thumb Code   282  tasks.o(i.xTaskIncrementTick)
    xTaskResumeAll                           0x08009f45   Thumb Code   224  tasks.o(i.xTaskResumeAll)
    AHBPrescTable                            0x0800a112   Data          16  system_stm32f4xx.o(.constdata)
    APBPrescTable                            0x0800a122   Data           8  system_stm32f4xx.o(.constdata)
    armBitRevTable                           0x0800a134   Data        2048  arm_common_tables.o(.constdata)
    twiddleCoef_16                           0x0800a934   Data         128  arm_common_tables.o(.constdata)
    twiddleCoef_32                           0x0800a9b4   Data         256  arm_common_tables.o(.constdata)
    twiddleCoef_64                           0x0800aab4   Data         512  arm_common_tables.o(.constdata)
    twiddleCoef_128                          0x0800acb4   Data        1024  arm_common_tables.o(.constdata)
    twiddleCoef_256                          0x0800b0b4   Data        2048  arm_common_tables.o(.constdata)
    twiddleCoef_512                          0x0800b8b4   Data        4096  arm_common_tables.o(.constdata)
    twiddleCoef_1024                         0x0800c8b4   Data        8192  arm_common_tables.o(.constdata)
    twiddleCoef_2048                         0x0800e8b4   Data       16384  arm_common_tables.o(.constdata)
    twiddleCoef_4096                         0x080128b4   Data       32768  arm_common_tables.o(.constdata)
    twiddleCoef_16_q31                       0x0801a8b4   Data          96  arm_common_tables.o(.constdata)
    twiddleCoef_32_q31                       0x0801a914   Data         192  arm_common_tables.o(.constdata)
    twiddleCoef_64_q31                       0x0801a9d4   Data         384  arm_common_tables.o(.constdata)
    twiddleCoef_128_q31                      0x0801ab54   Data         768  arm_common_tables.o(.constdata)
    twiddleCoef_256_q31                      0x0801ae54   Data        1536  arm_common_tables.o(.constdata)
    twiddleCoef_512_q31                      0x0801b454   Data        3072  arm_common_tables.o(.constdata)
    twiddleCoef_1024_q31                     0x0801c054   Data        6144  arm_common_tables.o(.constdata)
    twiddleCoef_2048_q31                     0x0801d854   Data       12288  arm_common_tables.o(.constdata)
    twiddleCoef_4096_q31                     0x08020854   Data       24576  arm_common_tables.o(.constdata)
    twiddleCoef_16_q15                       0x08026854   Data          48  arm_common_tables.o(.constdata)
    twiddleCoef_32_q15                       0x08026884   Data          96  arm_common_tables.o(.constdata)
    twiddleCoef_64_q15                       0x080268e4   Data         192  arm_common_tables.o(.constdata)
    twiddleCoef_128_q15                      0x080269a4   Data         384  arm_common_tables.o(.constdata)
    twiddleCoef_256_q15                      0x08026b24   Data         768  arm_common_tables.o(.constdata)
    twiddleCoef_512_q15                      0x08026e24   Data        1536  arm_common_tables.o(.constdata)
    twiddleCoef_1024_q15                     0x08027424   Data        3072  arm_common_tables.o(.constdata)
    twiddleCoef_2048_q15                     0x08028024   Data        6144  arm_common_tables.o(.constdata)
    twiddleCoef_4096_q15                     0x08029824   Data       12288  arm_common_tables.o(.constdata)
    armRecipTableQ15                         0x0802c824   Data         128  arm_common_tables.o(.constdata)
    armRecipTableQ31                         0x0802c8a4   Data         256  arm_common_tables.o(.constdata)
    armBitRevIndexTable16                    0x0802c9a4   Data          40  arm_common_tables.o(.constdata)
    armBitRevIndexTable32                    0x0802c9cc   Data          96  arm_common_tables.o(.constdata)
    armBitRevIndexTable64                    0x0802ca2c   Data         112  arm_common_tables.o(.constdata)
    armBitRevIndexTable128                   0x0802ca9c   Data         416  arm_common_tables.o(.constdata)
    armBitRevIndexTable256                   0x0802cc3c   Data         880  arm_common_tables.o(.constdata)
    armBitRevIndexTable512                   0x0802cfac   Data         896  arm_common_tables.o(.constdata)
    armBitRevIndexTable1024                  0x0802d32c   Data        3600  arm_common_tables.o(.constdata)
    armBitRevIndexTable2048                  0x0802e13c   Data        7616  arm_common_tables.o(.constdata)
    armBitRevIndexTable4096                  0x0802fefc   Data        8064  arm_common_tables.o(.constdata)
    armBitRevIndexTable_fixed_16             0x08031e7c   Data          24  arm_common_tables.o(.constdata)
    armBitRevIndexTable_fixed_32             0x08031e94   Data          48  arm_common_tables.o(.constdata)
    armBitRevIndexTable_fixed_64             0x08031ec4   Data         112  arm_common_tables.o(.constdata)
    armBitRevIndexTable_fixed_128            0x08031f34   Data         224  arm_common_tables.o(.constdata)
    armBitRevIndexTable_fixed_256            0x08032014   Data         480  arm_common_tables.o(.constdata)
    armBitRevIndexTable_fixed_512            0x080321f4   Data         960  arm_common_tables.o(.constdata)
    armBitRevIndexTable_fixed_1024           0x080325b4   Data        1984  arm_common_tables.o(.constdata)
    armBitRevIndexTable_fixed_2048           0x08032d74   Data        3968  arm_common_tables.o(.constdata)
    armBitRevIndexTable_fixed_4096           0x08033cf4   Data        8064  arm_common_tables.o(.constdata)
    twiddleCoef_rfft_32                      0x08035c74   Data         128  arm_common_tables.o(.constdata)
    twiddleCoef_rfft_64                      0x08035cf4   Data         256  arm_common_tables.o(.constdata)
    twiddleCoef_rfft_128                     0x08035df4   Data         512  arm_common_tables.o(.constdata)
    twiddleCoef_rfft_256                     0x08035ff4   Data        1024  arm_common_tables.o(.constdata)
    twiddleCoef_rfft_512                     0x080363f4   Data        2048  arm_common_tables.o(.constdata)
    twiddleCoef_rfft_1024                    0x08036bf4   Data        4096  arm_common_tables.o(.constdata)
    twiddleCoef_rfft_2048                    0x08037bf4   Data        8192  arm_common_tables.o(.constdata)
    twiddleCoef_rfft_4096                    0x08039bf4   Data       16384  arm_common_tables.o(.constdata)
    sinTable_f32                             0x0803dbf4   Data        2052  arm_common_tables.o(.constdata)
    sinTable_q31                             0x0803e3f8   Data        2052  arm_common_tables.o(.constdata)
    sinTable_q15                             0x0803ebfc   Data        1026  arm_common_tables.o(.constdata)
    Region$$Table$$Base                      0x0803f000   Number         0  anon$$obj.o(Region$$Table)
    Region$$Table$$Limit                     0x0803f030   Number         0  anon$$obj.o(Region$$Table)
    SPI_NRST_GPIO                            0x20000000   Data          16  l6474_drvr.o(.data)
    SPI_NCS_GPIO                             0x20000010   Data          16  l6474_drvr.o(.data)
    SPI_NCS_PIN                              0x20000020   Data          16  l6474_drvr.o(.data)
    DIR_GPIO                                 0x20000030   Data          16  l6474_drvr.o(.data)
    DIR_PIN                                  0x20000040   Data          16  l6474_drvr.o(.data)
    L6474H                                   0x20000050   Data          40  l6474_drvr.o(.data)
    DIRECT_MATRIX                            0x20000078   Data          36  kinematics.o(.data)
    INVERSE_MATRIX                           0x2000009c   Data          36  kinematics.o(.data)
    ARM_DIRECT_MATRIX                        0x200000c0   Data           8  kinematics.o(.data)
    ARM_INVERSE_MATRIX                       0x200000c8   Data           8  kinematics.o(.data)
    ms_to_tpm                                0x200000d0   Data           4  kinematics.o(.data)
    ticks_to_m                               0x200000d4   Data           4  kinematics.o(.data)
    Kinematics                               0x200000d8   Data          16  kinematics.o(.data)
    robot_ctrl                               0x200000e8   Data           5  robot_behavior_routine.o(.data)
    SPI_GPIO_REG                             0x200000f0   Data           4  spi_gpio.o(.data)
    Odometry_Task                            0x20000134   Data           8  odometry_task.o(.data)
    working_flag                             0x2000013c   Data           1  usartx_timeout.o(.data)
    Terminal_Task                            0x20000144   Data           8  terminal_task.o(.data)
    Dynamixel_AX                             0x2000014c   Data          48  dynamixel_ax.o(.data)
    Dynamixel_Protocol10                     0x20000180   Data          48  dynamixel_protocol10.o(.data)
    Maxon                                    0x200001b0   Data          40  maxon.o(.data)
    Terminal                                 0x200001d8   Data           8  terminal.o(.data)
    LL_TIM_CHANNEL                           0x200001e0   Data          16  stepper.o(.data)
    Stepper                                  0x20000200   Data          28  stepper.o(.data)
    TIM                                      0x2000021c   Data          32  rc_servo.o(.data)
    TIM_CHANNEL                              0x2000023c   Data          32  rc_servo.o(.data)
    TIM_CCR                                  0x2000025c   Data          32  rc_servo.o(.data)
    TIM_CCER                                 0x2000027c   Data          32  rc_servo.o(.data)
    SERVO_GPIO                               0x2000029c   Data          32  rc_servo.o(.data)
    SERVO_PIN                                0x200002bc   Data          32  rc_servo.o(.data)
    RC_Servo                                 0x200002dc   Data          20  rc_servo.o(.data)
    HL_new                                   0x200002f4   Data          12  hl_new.o(.data)
    Odometry                                 0x20000300   Data          24  odometry.o(.data)
    MAXON_MOTORS                             0x20000318   Data          24  bus_device_def.o(.data)
    Button                                   0x20000330   Data          12  button.o(.data)
    Button_Task                              0x20000340   Data           8  button_task.o(.data)
    Game_Task                                0x2000034c   Data           8  game_task.o(.data)
    Grub_Pile_Task                           0x20000358   Data           8  grub_pile_task.o(.data)
    flag                                     0x20000390   Data          76  flags.o(.data)
    Release_Pile_Task                        0x200003e0   Data           8  release_pile_task.o(.data)
    DC_Task                                  0x200003ec   Data           8  task_dc.o(.data)
    POLULU_BIAS                              0x200003f4   Data           4  encoder_board_drvr.o(.data)
    MAXON_BIAS                               0x200003f8   Data           4  encoder_board_drvr.o(.data)
    Encoder_Board                            0x200003fc   Data           8  encoder_board_drvr.o(.data)
    Serial                                   0x2000040c   Data          12  serial_protocol.o(.data)
    DC1_Task                                 0x2000041c   Data           8  task_dc1.o(.data)
    DC2_Task                                 0x20000428   Data           8  task_dc2.o(.data)
    encoder_counts0                          0x20000434   Data           4  task_dc0.o(.data)
    encoder_counts1                          0x20000438   Data           4  task_dc0.o(.data)
    DC0_Task                                 0x2000043c   Data           8  task_dc0.o(.data)
    Sort_Task                                0x20000470   Data           8  task_sort.o(.data)
    Sort_Optimize_Task                       0x200004a4   Data           8  task_sort_optimize.o(.data)
    Zero_State_Task                          0x200004b4   Data           8  task_zero_state.o(.data)
    Gripper_Calibration_Task                 0x200004c0   Data           8  task_gripper_calibration.o(.data)
    SystemCoreClock                          0x200004c8   Data           4  system_stm32f4xx.o(.data)
    pxCurrentTCB                             0x200004cc   Data           4  tasks.o(.data)
    uxTopUsedPriority                        0x20000504   Data           4  tasks.o(.data)
    timeout_list                             0x20001924   Data          72  usartx_timeout.o(.bss)
    Terminal_Cmd_Handlers                    0x200021c0   Data         256  terminal_cmd_handler.o(.bss)
    goal_position                            0x200022c0   Data          16  stepper.o(.bss)
    present_position                         0x200022d0   Data          16  stepper.o(.bss)
    path                                     0x20002374   Data          12  odometry.o(.bss)
    button_info                              0x2000238c   Data         196  button.o(.bss)
    Image$$ARM_LIB_STACK$$ZI$$Limit          0x20020000   Number         0  anon$$obj.o ABSOLUTE
    __initial_sp                             0x20020000   Data           0  startup_stm32f407xx.o(STACK)



==============================================================================

Memory Map of the image

  Image Entry point : 0x08000189

  Load Region LR_IROM1 (Base: 0x08000000, Size: 0x0003f548, Max: 0x00100000, ABSOLUTE, COMPRESSED[0x0003f2fc])

    Execution Region ER_IROM1 (Exec base: 0x08000000, Load base: 0x08000000, Size: 0x0003f030, Max: 0x00100000, ABSOLUTE)

    Exec Addr    Load Addr    Size         Type   Attr      Idx    E Section Name        Object

    0x08000000   0x08000000   0x00000188   Data   RO            3    RESET               startup_stm32f407xx.o
    0x08000188   0x08000188   0x00000000   Code   RO         6603  * .ARM.Collect$$$$00000000  mc_w.l(entry.o)
    0x08000188   0x08000188   0x00000004   Code   RO         6628    .ARM.Collect$$$$00000003  mc_w.l(entry4.o)
    0x0800018c   0x0800018c   0x00000004   Code   RO         6631    .ARM.Collect$$$$00000004  mc_w.l(entry5.o)
    0x08000190   0x08000190   0x00000000   Code   RO         6633    .ARM.Collect$$$$00000008  mc_w.l(entry7b.o)
    0x08000190   0x08000190   0x00000000   Code   RO         6635    .ARM.Collect$$$$0000000A  mc_w.l(entry8b.o)
    0x08000190   0x08000190   0x00000008   Code   RO         6636    .ARM.Collect$$$$0000000B  mc_w.l(entry9a.o)
    0x08000198   0x08000198   0x00000004   Code   RO         6643    .ARM.Collect$$$$0000000E  mc_w.l(entry12b.o)
    0x0800019c   0x0800019c   0x00000000   Code   RO         6638    .ARM.Collect$$$$0000000F  mc_w.l(entry10a.o)
    0x0800019c   0x0800019c   0x00000000   Code   RO         6640    .ARM.Collect$$$$00000011  mc_w.l(entry11a.o)
    0x0800019c   0x0800019c   0x00000004   Code   RO         6629    .ARM.Collect$$$$00002714  mc_w.l(entry4.o)
    0x080001a0   0x080001a0   0x000000be   Code   RO         6526    .emb_text           port.o
    0x0800025e   0x0800025e   0x00000002   PAD
    0x08000260   0x08000260   0x00000024   Code   RO            4    .text               startup_stm32f407xx.o
    0x08000284   0x08000284   0x00000062   Code   RO         6606    .text               mc_w.l(uldiv.o)
    0x080002e6   0x080002e6   0x00000024   Code   RO         6608    .text               mc_w.l(memcpya.o)
    0x0800030a   0x0800030a   0x00000024   Code   RO         6612    .text               mc_w.l(memseta.o)
    0x0800032e   0x0800032e   0x0000001e   Code   RO         6644    .text               mc_w.l(llshl.o)
    0x0800034c   0x0800034c   0x00000020   Code   RO         6646    .text               mc_w.l(llushr.o)
    0x0800036c   0x0800036c   0x00000024   Code   RO         6653    .text               mc_w.l(init.o)
    0x08000390   0x08000390   0x00000056   Code   RO         6663    .text               mc_w.l(__dczerorl2.o)
    0x080003e6   0x080003e6   0x00000002   PAD
    0x080003e8   0x080003e8   0x00000044   Code   RO         1955    i.AX_GetAngle       terminal_cmd_handler.o
    0x0800042c   0x0800042c   0x00000044   Code   RO         1956    i.AX_GetLoad        terminal_cmd_handler.o
    0x08000470   0x08000470   0x00000050   Code   RO         1957    i.AX_SetAngle       terminal_cmd_handler.o
    0x080004c0   0x080004c0   0x00000044   Code   RO         1958    i.AX_SetJointMode   terminal_cmd_handler.o
    0x08000504   0x08000504   0x00000050   Code   RO         1959    i.AX_SetMovingSpeed  terminal_cmd_handler.o
    0x08000554   0x08000554   0x00000050   Code   RO         1960    i.AX_SetWheelMode   terminal_cmd_handler.o
    0x080005a4   0x080005a4   0x00000002   Code   RO         1690    i.Action_Cmd        dynamixel_protocol10.o
    0x080005a6   0x080005a6   0x00000002   PAD
    0x080005a8   0x080005a8   0x0000004c   Code   RO         2895    i.AddButton         button.o
    0x080005f4   0x080005f4   0x00000006   Code   RO         1691    i.BulkRead_Cmd      dynamixel_protocol10.o
    0x080005fa   0x080005fa   0x00000004   Code   RO          278    i.BusFault_Handler  stm32f4xx_it.o
    0x080005fe   0x080005fe   0x00000006   Code   RO         1504    i.Byte_To_Word16    dynamixel_ax.o
    0x08000604   0x08000604   0x00000006   Code   RO         1961    i.Byte_To_Word16    terminal_cmd_handler.o
    0x0800060a   0x0800060a   0x00000006   Code   RO         1830    i.Byte_To_Word32    maxon.o
    0x08000610   0x08000610   0x00000006   Code   RO         1962    i.Byte_To_Word32    terminal_cmd_handler.o
    0x08000616   0x08000616   0x00000006   Code   RO         3202    i.Byte_To_Word32    encoder_board_drvr.o
    0x0800061c   0x0800061c   0x00000006   Code   RO         1963    i.Byte_To_Word32_s  terminal_cmd_handler.o
    0x08000622   0x08000622   0x0000002e   Code   RO         1692    i.CRC_Calc          dynamixel_protocol10.o
    0x08000650   0x08000650   0x0000002a   Code   RO         2589    i.CRC_Calc          hl_new.o
    0x0800067a   0x0800067a   0x00000002   PAD
    0x0800067c   0x0800067c   0x00000054   Code   RO         1964    i.CheckEncoder      terminal_cmd_handler.o
    0x080006d0   0x080006d0   0x0000001c   Code   RO         1693    i.Check_TX_FIFO     dynamixel_protocol10.o
    0x080006ec   0x080006ec   0x000000d8   Code   RO          530    i.ControlButtons_Callback  robot_behavior_routine.o
    0x080007c4   0x080007c4   0x00000044   Code   RO         1290    i.CreateTask        odometry_task.o
    0x08000808   0x08000808   0x00000044   Code   RO         1453    i.CreateTask        terminal_task.o
    0x0800084c   0x0800084c   0x0000003c   Code   RO         2938    i.CreateTask        button_task.o
    0x08000888   0x08000888   0x00000040   Code   RO         2978    i.CreateTask        game_task.o
    0x080008c8   0x080008c8   0x00000044   Code   RO         3057    i.CreateTask        grub_pile_task.o
    0x0800090c   0x0800090c   0x00000048   Code   RO         3121    i.CreateTask        release_pile_task.o
    0x08000954   0x08000954   0x0000003c   Code   RO         3161    i.CreateTask        task_dc.o
    0x08000990   0x08000990   0x00000040   Code   RO         3381    i.CreateTask        task_dc1.o
    0x080009d0   0x080009d0   0x00000040   Code   RO         3422    i.CreateTask        task_dc2.o
    0x08000a10   0x08000a10   0x00000040   Code   RO         3463    i.CreateTask        task_dc0.o
    0x08000a50   0x08000a50   0x00000040   Code   RO         3504    i.CreateTask        task_sort.o
    0x08000a90   0x08000a90   0x00000040   Code   RO         3545    i.CreateTask        task_sort_optimize.o
    0x08000ad0   0x08000ad0   0x00000044   Code   RO         3586    i.CreateTask        task_zero_state.o
    0x08000b14   0x08000b14   0x00000044   Code   RO         3626    i.CreateTask        task_gripper_calibration.o
    0x08000b58   0x08000b58   0x0000003c   Code   RO         1965    i.DC                terminal_cmd_handler.o
    0x08000b94   0x08000b94   0x0000004c   Code   RO         1966    i.DCConst           terminal_cmd_handler.o
    0x08000be0   0x08000be0   0x000000b8   Code   RO         1967    i.DCSort            terminal_cmd_handler.o
    0x08000c98   0x08000c98   0x00000008   Code   RO          594    i.DMA2_Stream1_IRQHandler  irq_process.o
    0x08000ca0   0x08000ca0   0x00000088   Code   RO         2674    i.DMA_WS2812B_IRQ_Process  ws2812b.o
    0x08000d28   0x08000d28   0x00000002   Code   RO          279    i.DebugMon_Handler  stm32f4xx_it.o
    0x08000d2a   0x08000d2a   0x00000002   PAD
    0x08000d2c   0x08000d2c   0x00000060   Code   RO          349    i.Disable           l6474_drvr.o
    0x08000d8c   0x08000d8c   0x00000024   Code   RO         1831    i.Disable           maxon.o
    0x08000db0   0x08000db0   0x00000014   Code   RO         2196    i.Disable           stepper.o
    0x08000dc4   0x08000dc4   0x00000048   Code   RO         2326    i.Disable           rc_servo.o
    0x08000e0c   0x08000e0c   0x00000024   Code   RO         1505    i.DisableLED        dynamixel_ax.o
    0x08000e30   0x08000e30   0x0000002c   Code   RO          280    i.EXTI9_5_IRQHandler  stm32f4xx_it.o
    0x08000e5c   0x08000e5c   0x0000007c   Code   RO           13    i.EXTI_Init         main.o
    0x08000ed8   0x08000ed8   0x00000060   Code   RO          350    i.Enable            l6474_drvr.o
    0x08000f38   0x08000f38   0x00000028   Code   RO         1832    i.Enable            maxon.o
    0x08000f60   0x08000f60   0x00000014   Code   RO         2197    i.Enable            stepper.o
    0x08000f74   0x08000f74   0x0000004c   Code   RO         2327    i.Enable            rc_servo.o
    0x08000fc0   0x08000fc0   0x00000028   Code   RO         1506    i.EnableLED         dynamixel_ax.o
    0x08000fe8   0x08000fe8   0x0000007c   Code   RO         1968    i.Experiment        terminal_cmd_handler.o
    0x08001064   0x08001064   0x00000036   Code   RO         1218    i.FIFO_Add          fifo_routine.o
    0x0800109a   0x0800109a   0x00000012   Code   RO         1220    i.FIFO_Init         fifo_routine.o
    0x080010ac   0x080010ac   0x0000000e   Code   RO         1223    i.FIFO_IsNotEmpty   fifo_routine.o
    0x080010ba   0x080010ba   0x00000014   Code   RO         1224    i.FIFO_IsNotFull    fifo_routine.o
    0x080010ce   0x080010ce   0x0000001a   Code   RO         1225    i.FIFO_MovePtr      fifo_routine.o
    0x080010e8   0x080010e8   0x0000002e   Code   RO         1226    i.FIFO_Remove       fifo_routine.o
    0x08001116   0x08001116   0x00000002   Code   RO         1694    i.FactoryReset_Cmd  dynamixel_protocol10.o
    0x08001118   0x08001118   0x0000048c   Code   RO         2399    i.GPIO_Board_Config  gpio_board_config.o
    0x080015a4   0x080015a4   0x000000d8   Code   RO         2436    i.GPIO_Robot_Config  gpio_robot_config.o
    0x0800167c   0x0800167c   0x00000054   Code   RO         3203    i.GetAllEncoderCounts  encoder_board_drvr.o
    0x080016d0   0x080016d0   0x00000064   Code   RO         1507    i.GetAngle          dynamixel_ax.o
    0x08001734   0x08001734   0x00000020   Code   RO         2724    i.GetCoord          odometry.o
    0x08001754   0x08001754   0x00000060   Code   RO         3204    i.GetEncoderCounts  encoder_board_drvr.o
    0x080017b4   0x080017b4   0x000000d0   Code   RO          351    i.GetParam          l6474_drvr.o
    0x08001884   0x08001884   0x0000006c   Code   RO         1508    i.GetPresentLoad    dynamixel_ax.o
    0x080018f0   0x080018f0   0x00000010   Code   RO         2198    i.GetPresentPosisition  stepper.o
    0x08001900   0x08001900   0x0000005c   Code   RO         1833    i.GetRangeTPM       maxon.o
    0x0800195c   0x0800195c   0x00000050   Code   RO         1969    i.GetRobotCoord     terminal_cmd_handler.o
    0x080019ac   0x080019ac   0x00000050   Code   RO         1970    i.GetRobotSpeed     terminal_cmd_handler.o
    0x080019fc   0x080019fc   0x00000048   Code   RO         2725    i.GetSpeed          odometry.o
    0x08001a44   0x08001a44   0x00000014   Code   RO         2896    i.GetState          button.o
    0x08001a58   0x08001a58   0x000000ec   Code   RO          352    i.GetStatus         l6474_drvr.o
    0x08001b44   0x08001b44   0x00000050   Code   RO         1834    i.GetTPM            maxon.o
    0x08001b94   0x08001b94   0x0000000c   Code   RO         1291    i.GetTaskHandle     odometry_task.o
    0x08001ba0   0x08001ba0   0x0000000c   Code   RO         1454    i.GetTaskHandle     terminal_task.o
    0x08001bac   0x08001bac   0x0000000c   Code   RO         2939    i.GetTaskHandle     button_task.o
    0x08001bb8   0x08001bb8   0x0000000c   Code   RO         2979    i.GetTaskHandle     game_task.o
    0x08001bc4   0x08001bc4   0x0000000c   Code   RO         3058    i.GetTaskHandle     grub_pile_task.o
    0x08001bd0   0x08001bd0   0x0000000c   Code   RO         3122    i.GetTaskHandle     release_pile_task.o
    0x08001bdc   0x08001bdc   0x0000000c   Code   RO         3162    i.GetTaskHandle     task_dc.o
    0x08001be8   0x08001be8   0x0000000c   Code   RO         3382    i.GetTaskHandle     task_dc1.o
    0x08001bf4   0x08001bf4   0x0000000c   Code   RO         3423    i.GetTaskHandle     task_dc2.o
    0x08001c00   0x08001c00   0x0000000c   Code   RO         3464    i.GetTaskHandle     task_dc0.o
    0x08001c0c   0x08001c0c   0x0000000c   Code   RO         3505    i.GetTaskHandle     task_sort.o
    0x08001c18   0x08001c18   0x0000000c   Code   RO         3546    i.GetTaskHandle     task_sort_optimize.o
    0x08001c24   0x08001c24   0x0000000c   Code   RO         3587    i.GetTaskHandle     task_zero_state.o
    0x08001c30   0x08001c30   0x0000000c   Code   RO         3627    i.GetTaskHandle     task_gripper_calibration.o
    0x08001c3c   0x08001c3c   0x00000050   Code   RO         1835    i.GetTotalTicks     maxon.o
    0x08001c8c   0x08001c8c   0x00000018   Code   RO         1918    i.Get_Request       terminal.o
    0x08001ca4   0x08001ca4   0x00000054   Code   RO         2590    i.Get_Request       hl_new.o
    0x08001cf8   0x08001cf8   0x00000034   Code   RO         1971    i.GripperCalibration  terminal_cmd_handler.o
    0x08001d2c   0x08001d2c   0x0000003c   Code   RO         1972    i.GrubPile          terminal_cmd_handler.o
    0x08001d68   0x08001d68   0x000000b0   Code   RO         1973    i.GrubPileSatus     terminal_cmd_handler.o
    0x08001e18   0x08001e18   0x00000078   Code   RO           15    i.HB_Init           main.o
    0x08001e90   0x08001e90   0x00000052   Code   RO          732    i.HW_Clock_Config   board_hw_config.o
    0x08001ee2   0x08001ee2   0x00000014   Code   RO          281    i.HardFault_Handler  stm32f4xx_it.o
    0x08001ef6   0x08001ef6   0x00000002   PAD
    0x08001ef8   0x08001ef8   0x0000002c   Code   RO          353    i.HardReset         l6474_drvr.o
    0x08001f24   0x08001f24   0x0000008c   Code   RO         1339    i.IRQ_Process       usartx_timeout.o
    0x08001fb0   0x08001fb0   0x00000014   Code   RO         2199    i.Init              stepper.o
    0x08001fc4   0x08001fc4   0x00000058   Code   RO         2726    i.Init              odometry.o
    0x0800201c   0x0800201c   0x0000001c   Code   RO          733    i.LL_AHB1_GRP1_EnableClock  board_hw_config.o
    0x08002038   0x08002038   0x00000010   Code   RO          734    i.LL_AHB1_GRP1_ForceReset  board_hw_config.o
    0x08002048   0x08002048   0x00000010   Code   RO          735    i.LL_AHB1_GRP1_ReleaseReset  board_hw_config.o
    0x08002058   0x08002058   0x0000001c   Code   RO          736    i.LL_APB1_GRP1_EnableClock  board_hw_config.o
    0x08002074   0x08002074   0x00000010   Code   RO          737    i.LL_APB1_GRP1_ForceReset  board_hw_config.o
    0x08002084   0x08002084   0x00000010   Code   RO          738    i.LL_APB1_GRP1_ReleaseReset  board_hw_config.o
    0x08002094   0x08002094   0x0000001c   Code   RO          739    i.LL_APB2_GRP1_EnableClock  board_hw_config.o
    0x080020b0   0x080020b0   0x00000010   Code   RO          740    i.LL_APB2_GRP1_ForceReset  board_hw_config.o
    0x080020c0   0x080020c0   0x00000010   Code   RO          741    i.LL_APB2_GRP1_ReleaseReset  board_hw_config.o
    0x080020d0   0x080020d0   0x00000018   Code   RO         1073    i.LL_DMA_ClearFlag_TC  usartx_communication.o
    0x080020e8   0x080020e8   0x00000006   Code   RO         1074    i.LL_DMA_ClearFlag_TC0  usartx_communication.o
    0x080020ee   0x080020ee   0x00000008   Code   RO         1075    i.LL_DMA_ClearFlag_TC1  usartx_communication.o
    0x080020f6   0x080020f6   0x00000008   Code   RO         1076    i.LL_DMA_ClearFlag_TC2  usartx_communication.o
    0x080020fe   0x080020fe   0x00000008   Code   RO         1077    i.LL_DMA_ClearFlag_TC3  usartx_communication.o
    0x08002106   0x08002106   0x00000006   Code   RO         1078    i.LL_DMA_ClearFlag_TC4  usartx_communication.o
    0x0800210c   0x0800210c   0x00000008   Code   RO         1079    i.LL_DMA_ClearFlag_TC5  usartx_communication.o
    0x08002114   0x08002114   0x00000008   Code   RO         1080    i.LL_DMA_ClearFlag_TC6  usartx_communication.o
    0x0800211c   0x0800211c   0x00000008   Code   RO         1081    i.LL_DMA_ClearFlag_TC7  usartx_communication.o
    0x08002124   0x08002124   0x000000d8   Code   RO         3867    i.LL_DMA_Init       stm32f4xx_ll_dma.o
    0x080021fc   0x080021fc   0x0000001c   Code   RO         3868    i.LL_DMA_SetChannelSelection  stm32f4xx_ll_dma.o
    0x08002218   0x08002218   0x00000022   Code   RO         3869    i.LL_DMA_StructInit  stm32f4xx_ll_dma.o
    0x0800223a   0x0800223a   0x00000138   Code   RO         4019    i.LL_GPIO_Init      stm32f4xx_ll_gpio.o
    0x08002372   0x08002372   0x00000006   Code   RO          354    i.LL_GPIO_ResetOutputPin  l6474_drvr.o
    0x08002378   0x08002378   0x00000006   Code   RO          671    i.LL_GPIO_ResetOutputPin  spi_gpio.o
    0x0800237e   0x0800237e   0x00000006   Code   RO         1082    i.LL_GPIO_ResetOutputPin  usartx_communication.o
    0x08002384   0x08002384   0x00000006   Code   RO         2400    i.LL_GPIO_ResetOutputPin  gpio_board_config.o
    0x0800238a   0x0800238a   0x00000006   Code   RO         3312    i.LL_GPIO_ResetOutputPin  dc_motor.o
    0x08002390   0x08002390   0x00000004   Code   RO          355    i.LL_GPIO_SetOutputPin  l6474_drvr.o
    0x08002394   0x08002394   0x00000004   Code   RO          672    i.LL_GPIO_SetOutputPin  spi_gpio.o
    0x08002398   0x08002398   0x00000004   Code   RO         2401    i.LL_GPIO_SetOutputPin  gpio_board_config.o
    0x0800239c   0x0800239c   0x00000004   Code   RO         3313    i.LL_GPIO_SetOutputPin  dc_motor.o
    0x080023a0   0x080023a0   0x00000014   Code   RO         1974    i.LL_GPIO_TogglePin  terminal_cmd_handler.o
    0x080023b4   0x080023b4   0x0000006c   Code   RO         4496    i.LL_SPI_Init       stm32f4xx_ll_spi.o
    0x08002420   0x08002420   0x0000000a   Code   RO          356    i.LL_SPI_IsActiveFlag_BSY  l6474_drvr.o
    0x0800242a   0x0800242a   0x0000000a   Code   RO          673    i.LL_SPI_IsActiveFlag_BSY  spi_gpio.o
    0x08002434   0x08002434   0x0000000a   Code   RO          357    i.LL_SPI_IsActiveFlag_RXNE  l6474_drvr.o
    0x0800243e   0x0800243e   0x0000000a   Code   RO          674    i.LL_SPI_IsActiveFlag_TXE  spi_gpio.o
    0x08002448   0x08002448   0x00000006   Code   RO          358    i.LL_SPI_ReceiveData8  l6474_drvr.o
    0x0800244e   0x0800244e   0x0000000c   Code   RO          359    i.LL_SPI_SetBaudRatePrescaler  l6474_drvr.o
    0x0800245a   0x0800245a   0x0000001a   Code   RO         4497    i.LL_SPI_StructInit  stm32f4xx_ll_spi.o
    0x08002474   0x08002474   0x00000004   Code   RO          360    i.LL_SPI_TransmitData8  l6474_drvr.o
    0x08002478   0x08002478   0x00000004   Code   RO          675    i.LL_SPI_TransmitData8  spi_gpio.o
    0x0800247c   0x0800247c   0x00000008   Code   RO          742    i.LL_TIM_CC_DisableChannel  board_hw_config.o
    0x08002484   0x08002484   0x0000000a   Code   RO          743    i.LL_TIM_CC_EnablePreload  board_hw_config.o
    0x0800248e   0x0800248e   0x0000000a   Code   RO          744    i.LL_TIM_EnableARRPreload  board_hw_config.o
    0x08002498   0x08002498   0x0000000a   Code   RO          745    i.LL_TIM_EnableAllOutputs  board_hw_config.o
    0x080024a2   0x080024a2   0x0000000a   Code   RO          746    i.LL_TIM_EnableCounter  board_hw_config.o
    0x080024ac   0x080024ac   0x0000000a   Code   RO          747    i.LL_TIM_EnableDMAReq_UPDATE  board_hw_config.o
    0x080024b6   0x080024b6   0x0000000a   Code   RO         2200    i.LL_TIM_GenerateEvent_COM  stepper.o
    0x080024c0   0x080024c0   0x0000000a   Code   RO         2675    i.LL_TIM_GenerateEvent_COM  ws2812b.o
    0x080024ca   0x080024ca   0x0000000a   Code   RO          748    i.LL_TIM_GenerateEvent_UPDATE  board_hw_config.o
    0x080024d4   0x080024d4   0x0000000a   Code   RO         2328    i.LL_TIM_GenerateEvent_UPDATE  rc_servo.o
    0x080024de   0x080024de   0x00000002   PAD
    0x080024e0   0x080024e0   0x0000009c   Code   RO          749    i.LL_TIM_OC_ConfigOutput  board_hw_config.o
    0x0800257c   0x0800257c   0x00000060   Code   RO          750    i.LL_TIM_OC_EnableFast  board_hw_config.o
    0x080025dc   0x080025dc   0x00000060   Code   RO          751    i.LL_TIM_OC_EnablePreload  board_hw_config.o
    0x0800263c   0x0800263c   0x00000004   Code   RO          752    i.LL_TIM_OC_SetCompareCH3  board_hw_config.o
    0x08002640   0x08002640   0x0000006c   Code   RO          753    i.LL_TIM_OC_SetMode  board_hw_config.o
    0x080026ac   0x080026ac   0x00000004   Code   RO          754    i.LL_TIM_SetAutoReload  board_hw_config.o
    0x080026b0   0x080026b0   0x0000000c   Code   RO          755    i.LL_TIM_SetClockDivision  board_hw_config.o
    0x080026bc   0x080026bc   0x0000000e   Code   RO          756    i.LL_TIM_SetClockSource  board_hw_config.o
    0x080026ca   0x080026ca   0x00000004   Code   RO          757    i.LL_TIM_SetCounter  board_hw_config.o
    0x080026ce   0x080026ce   0x0000000c   Code   RO          758    i.LL_TIM_SetCounterMode  board_hw_config.o
    0x080026da   0x080026da   0x00000004   Code   RO          759    i.LL_TIM_SetPrescaler  board_hw_config.o
    0x080026de   0x080026de   0x00000010   Code   RO         1083    i.LL_USART_ClearFlag_IDLE  usartx_communication.o
    0x080026ee   0x080026ee   0x00000008   Code   RO         1084    i.LL_USART_ClearFlag_TC  usartx_communication.o
    0x080026f6   0x080026f6   0x00000012   Code   RO          760    i.LL_USART_ConfigAsyncMode  board_hw_config.o
    0x08002708   0x08002708   0x0000001a   Code   RO          761    i.LL_USART_ConfigHalfDuplexMode  board_hw_config.o
    0x08002722   0x08002722   0x0000000a   Code   RO          762    i.LL_USART_Enable   board_hw_config.o
    0x0800272c   0x0800272c   0x00000020   Code   RO          763    i.LL_USART_EnableDMAReq_RX  board_hw_config.o
    0x0800274c   0x0800274c   0x00000020   Code   RO          764    i.LL_USART_EnableDMAReq_TX  board_hw_config.o
    0x0800276c   0x0800276c   0x000001b8   Code   RO          765    i.LL_USART_SetBaudRate  board_hw_config.o
    0x08002924   0x08002924   0x0000000c   Code   RO          766    i.LL_USART_SetDataWidth  board_hw_config.o
    0x08002930   0x08002930   0x0000000c   Code   RO          767    i.LL_USART_SetOverSampling  board_hw_config.o
    0x0800293c   0x0800293c   0x0000000c   Code   RO          768    i.LL_USART_SetParity  board_hw_config.o
    0x08002948   0x08002948   0x0000000c   Code   RO          769    i.LL_USART_SetStopBitsLength  board_hw_config.o
    0x08002954   0x08002954   0x00000026   Code   RO          770    i.LL_USART_SetTransferDirection  board_hw_config.o
    0x0800297a   0x0800297a   0x00000002   PAD
    0x0800297c   0x0800297c   0x0000009c   Code   RO          464    i.MatrixInit        kinematics.o
    0x08002a18   0x08002a18   0x00000030   Code   RO          531    i.MaxonsDisable     robot_behavior_routine.o
    0x08002a48   0x08002a48   0x00000040   Code   RO          532    i.MaxonsEnable      robot_behavior_routine.o
    0x08002a88   0x08002a88   0x00000038   Code   RO          533    i.MaxonsStop        robot_behavior_routine.o
    0x08002ac0   0x08002ac0   0x00000004   Code   RO          282    i.MemManage_Handler  stm32f4xx_it.o
    0x08002ac4   0x08002ac4   0x00000058   Code   RO         2201    i.Motor1_Init       stepper.o
    0x08002b1c   0x08002b1c   0x00000058   Code   RO         2202    i.Motor2_Init       stepper.o
    0x08002b74   0x08002b74   0x00000058   Code   RO         2203    i.Motor3_Init       stepper.o
    0x08002bcc   0x08002bcc   0x00000058   Code   RO         2204    i.Motor4_Init       stepper.o
    0x08002c24   0x08002c24   0x00000004   Code   RO          283    i.NMI_Handler       stm32f4xx_it.o
    0x08002c28   0x08002c28   0x00000070   Code   RO         1975    i.OpenGate          terminal_cmd_handler.o
    0x08002c98   0x08002c98   0x00000034   Code   RO         1976    i.OptimalSort       terminal_cmd_handler.o
    0x08002ccc   0x08002ccc   0x0000004a   Code   RO         1695    i.PacketErrorCheck  dynamixel_protocol10.o
    0x08002d16   0x08002d16   0x0000004a   Code   RO         2591    i.PacketErrorCheck  hl_new.o
    0x08002d60   0x08002d60   0x0000003c   Code   RO         1509    i.Ping              dynamixel_ax.o
    0x08002d9c   0x08002d9c   0x0000003c   Code   RO         1836    i.Ping              maxon.o
    0x08002dd8   0x08002dd8   0x00000018   Code   RO         1977    i.Ping              terminal_cmd_handler.o
    0x08002df0   0x08002df0   0x00000058   Code   RO         1696    i.Ping_Cmd          dynamixel_protocol10.o
    0x08002e48   0x08002e48   0x00000250   Code   RO         2897    i.PollButtons       button.o
    0x08003098   0x08003098   0x000000b4   Code   RO         1697    i.Protocol          dynamixel_protocol10.o
    0x0800314c   0x0800314c   0x000000cc   Code   RO         2592    i.Protocol          hl_new.o
    0x08003218   0x08003218   0x000000b8   Code   RO         3245    i.Protocol          serial_protocol.o
    0x080032d0   0x080032d0   0x00000044   Code   RO         1978    i.Punch             terminal_cmd_handler.o
    0x08003314   0x08003314   0x00000094   Code   RO         3246    i.ReadBytes         serial_protocol.o
    0x080033a8   0x080033a8   0x00000068   Code   RO         1698    i.Read_Cmd          dynamixel_protocol10.o
    0x08003410   0x08003410   0x00000002   Code   RO         1699    i.Reboot_Cmd        dynamixel_protocol10.o
    0x08003412   0x08003412   0x00000002   Code   RO         1700    i.Receive_Request   dynamixel_protocol10.o
    0x08003414   0x08003414   0x00000008   Code   RO         1701    i.RegWrite_Cmd      dynamixel_protocol10.o
    0x0800341c   0x0800341c   0x0000003c   Code   RO         1979    i.ReleasePile       terminal_cmd_handler.o
    0x08003458   0x08003458   0x000000b0   Code   RO         1980    i.ReleasePileSatus  terminal_cmd_handler.o
    0x08003508   0x08003508   0x0000000c   Code   RO         1085    i.Reset_RX_Timeout  usartx_communication.o
    0x08003514   0x08003514   0x00000014   Code   RO         1340    i.Reset_Timeout     usartx_timeout.o
    0x08003528   0x08003528   0x00000024   Code   RO         1702    i.Retransmit        dynamixel_protocol10.o
    0x0800354c   0x0800354c   0x0000005c   Code   RO          771    i.SPI1_Board_HW_Init  board_hw_config.o
    0x080035a8   0x080035a8   0x00000090   Code   RO          676    i.SPI_GPIO_ResetOutputPin  spi_gpio.o
    0x08003638   0x08003638   0x00000090   Code   RO          677    i.SPI_GPIO_SetOutputPin  spi_gpio.o
    0x080036c8   0x080036c8   0x00000014   Code   RO          772    i.SYSCFG_PWR_Init   board_hw_config.o
    0x080036dc   0x080036dc   0x00000006   Code   RO         1703    i.Send_Response     dynamixel_protocol10.o
    0x080036e2   0x080036e2   0x00000002   PAD
    0x080036e4   0x080036e4   0x00000018   Code   RO         1919    i.Send_Response     terminal.o
    0x080036fc   0x080036fc   0x0000003e   Code   RO         2593    i.Send_Response     hl_new.o
    0x0800373a   0x0800373a   0x00000002   PAD
    0x0800373c   0x0800373c   0x00000040   Code   RO         1510    i.SetAngle          dynamixel_ax.o
    0x0800377c   0x0800377c   0x00000020   Code   RO         2727    i.SetCoord          odometry.o
    0x0800379c   0x0800379c   0x00000016   Code   RO          361    i.SetCurrentLimit   l6474_drvr.o
    0x080037b2   0x080037b2   0x00000002   PAD
    0x080037b4   0x080037b4   0x00000050   Code   RO          362    i.SetCurrentLimit_mA  l6474_drvr.o
    0x08003804   0x08003804   0x00000034   Code   RO          363    i.SetDirection      l6474_drvr.o
    0x08003838   0x08003838   0x00000028   Code   RO         1511    i.SetID             dynamixel_ax.o
    0x08003860   0x08003860   0x00000028   Code   RO         1837    i.SetID             maxon.o
    0x08003888   0x08003888   0x0000002c   Code   RO         1512    i.SetJointMode      dynamixel_ax.o
    0x080038b4   0x080038b4   0x0000004a   Code   RO         2329    i.SetMotorSpeed     rc_servo.o
    0x080038fe   0x080038fe   0x00000002   PAD
    0x08003900   0x08003900   0x00000044   Code   RO         1513    i.SetMovingSpeed    dynamixel_ax.o
    0x08003944   0x08003944   0x00000058   Code   RO         1981    i.SetPWM            terminal_cmd_handler.o
    0x0800399c   0x0800399c   0x00000030   Code   RO         2330    i.SetPWMDutyCycle   rc_servo.o
    0x080039cc   0x080039cc   0x000000b0   Code   RO          364    i.SetParam          l6474_drvr.o
    0x08003a7c   0x08003a7c   0x00000038   Code   RO         1838    i.SetRangeTPM       maxon.o
    0x08003ab4   0x08003ab4   0x0000004c   Code   RO         1982    i.SetRobotCoord     terminal_cmd_handler.o
    0x08003b00   0x08003b00   0x0000004c   Code   RO         1983    i.SetRobotSpeed     terminal_cmd_handler.o
    0x08003b4c   0x08003b4c   0x0000002a   Code   RO         2331    i.SetServoAngle     rc_servo.o
    0x08003b76   0x08003b76   0x00000002   PAD
    0x08003b78   0x08003b78   0x00000048   Code   RO         2728    i.SetSpeed          odometry.o
    0x08003bc0   0x08003bc0   0x0000001a   Code   RO          365    i.SetStepMode       l6474_drvr.o
    0x08003bda   0x08003bda   0x00000002   PAD
    0x08003bdc   0x08003bdc   0x00000030   Code   RO         1839    i.SetTPM            maxon.o
    0x08003c0c   0x08003c0c   0x00000030   Code   RO         1840    i.SetTotalTicks     maxon.o
    0x08003c3c   0x08003c3c   0x00000024   Code   RO         1514    i.SetWheelMode      dynamixel_ax.o
    0x08003c60   0x08003c60   0x00000018   Code   RO         2205    i.SetZeroPosisition  stepper.o
    0x08003c78   0x08003c78   0x00000014   Code   RO         1086    i.Set_RX_Timeout    usartx_communication.o
    0x08003c8c   0x08003c8c   0x00000064   Code   RO         1341    i.Set_Timeout       usartx_timeout.o
    0x08003cf0   0x08003cf0   0x00000064   Code   RO         1984    i.Set_stepper_angle  terminal_cmd_handler.o
    0x08003d54   0x08003d54   0x00000034   Code   RO         1985    i.Sort              terminal_cmd_handler.o
    0x08003d88   0x08003d88   0x00000034   Code   RO         1986    i.SortSatus         terminal_cmd_handler.o
    0x08003dbc   0x08003dbc   0x00000074   Code   RO          465    i.Speed_To_TPM      kinematics.o
    0x08003e30   0x08003e30   0x00000058   Code   RO         1087    i.StartDMA          usartx_communication.o
    0x08003e88   0x08003e88   0x00000034   Code   RO         1987    i.StartGame         terminal_cmd_handler.o
    0x08003ebc   0x08003ebc   0x00000086   Code   RO         1088    i.StartRX           usartx_communication.o
    0x08003f42   0x08003f42   0x00000070   Code   RO         1089    i.StartTX           usartx_communication.o
    0x08003fb2   0x08003fb2   0x00000002   PAD
    0x08003fb4   0x08003fb4   0x00000074   Code   RO         2206    i.StepToPosisition  stepper.o
    0x08004028   0x08004028   0x00000020   Code   RO         2207    i.Stop              stepper.o
    0x08004048   0x08004048   0x00000008   Code   RO          534    i.StopAllActuators  robot_behavior_routine.o
    0x08004050   0x08004050   0x00000028   Code   RO         1090    i.StopDMA           usartx_communication.o
    0x08004078   0x08004078   0x00000056   Code   RO         1091    i.StopRX            usartx_communication.o
    0x080040ce   0x080040ce   0x00000062   Code   RO         1092    i.StopTX            usartx_communication.o
    0x08004130   0x08004130   0x00000034   Code   RO         1988    i.Stop_stepper      terminal_cmd_handler.o
    0x08004164   0x08004164   0x0000004c   Code   RO         1989    i.SwitchEmp         terminal_cmd_handler.o
    0x080041b0   0x080041b0   0x000000bc   Code   RO         1704    i.SyncWrite_Cmd     dynamixel_protocol10.o
    0x0800426c   0x0800426c   0x00000034   Code   RO         6527    i.SysTick_Handler   port.o
    0x080042a0   0x080042a0   0x00000124   Code   RO          773    i.SystemClock_Config  board_hw_config.o
    0x080043c4   0x080043c4   0x000000bc   Code   RO         3666    i.SystemCoreClockUpdate  system_stm32f4xx.o
    0x08004480   0x08004480   0x00000014   Code   RO         3667    i.SystemInit        system_stm32f4xx.o
    0x08004494   0x08004494   0x00000068   Code   RO          774    i.TIM14_USARTx_Timeout_Init  board_hw_config.o
    0x080044fc   0x080044fc   0x00000008   Code   RO          595    i.TIM1_CC_IRQHandler  irq_process.o
    0x08004504   0x08004504   0x000000a0   Code   RO         2208    i.TIM1_Steppers_PWM_CC_IRQ_Process  stepper.o
    0x080045a4   0x080045a4   0x00000138   Code   RO          775    i.TIM1_Steppers_PWM_Init  board_hw_config.o
    0x080046dc   0x080046dc   0x000000e0   Code   RO          777    i.TIM4_RC_Servos_0123_Init  board_hw_config.o
    0x080047bc   0x080047bc   0x000000e0   Code   RO          778    i.TIM5_RC_Servos_4567_Init  board_hw_config.o
    0x0800489c   0x0800489c   0x00000008   Code   RO          596    i.TIM8_TRG_COM_TIM14_IRQHandler  irq_process.o
    0x080048a4   0x080048a4   0x000000d4   Code   RO          779    i.TIM8_WS2812B_Init  board_hw_config.o
    0x08004978   0x08004978   0x00000014   Code   RO         2209    i.TIM_CC_DisableChannel  stepper.o
    0x0800498c   0x0800498c   0x00000024   Code   RO         2332    i.TIM_CC_DisableChannel  rc_servo.o
    0x080049b0   0x080049b0   0x00000014   Code   RO         2210    i.TIM_CC_EnableChannel  stepper.o
    0x080049c4   0x080049c4   0x00000024   Code   RO         2333    i.TIM_CC_EnableChannel  rc_servo.o
    0x080049e8   0x080049e8   0x00000024   Code   RO         2211    i.TIM_CC_IsEnabledChannel  stepper.o
    0x08004a0c   0x08004a0c   0x0000000c   Code   RO         2212    i.TIM_ClearFlag_CC  stepper.o
    0x08004a18   0x08004a18   0x00000010   Code   RO         2213    i.TIM_DisableIT_CC  stepper.o
    0x08004a28   0x08004a28   0x00000010   Code   RO         2214    i.TIM_EnableIT_CC   stepper.o
    0x08004a38   0x08004a38   0x0000001e   Code   RO         2215    i.TIM_IsActiveFlag_CC  stepper.o
    0x08004a56   0x08004a56   0x00000002   PAD
    0x08004a58   0x08004a58   0x00000010   Code   RO         2334    i.TIM_OC_SetCompareCH  rc_servo.o
    0x08004a68   0x08004a68   0x00000074   Code   RO          466    i.TPM_To_Speed      kinematics.o
    0x08004adc   0x08004adc   0x00000038   Code   RO         1292    i.Task              odometry_task.o
    0x08004b14   0x08004b14   0x00000064   Code   RO         1455    i.Task              terminal_task.o
    0x08004b78   0x08004b78   0x000000ac   Code   RO         2940    i.Task              button_task.o
    0x08004c24   0x08004c24   0x00000098   Code   RO         2980    i.Task              game_task.o
    0x08004cbc   0x08004cbc   0x00000070   Code   RO         3059    i.Task              grub_pile_task.o
    0x08004d2c   0x08004d2c   0x00000070   Code   RO         3123    i.Task              release_pile_task.o
    0x08004d9c   0x08004d9c   0x00000078   Code   RO         3163    i.Task              task_dc.o
    0x08004e14   0x08004e14   0x00000068   Code   RO         3383    i.Task              task_dc1.o
    0x08004e7c   0x08004e7c   0x00000068   Code   RO         3424    i.Task              task_dc2.o
    0x08004ee4   0x08004ee4   0x000000a8   Code   RO         3465    i.Task              task_dc0.o
    0x08004f8c   0x08004f8c   0x000012f0   Code   RO         3506    i.Task              task_sort.o
    0x0800627c   0x0800627c   0x0000125c   Code   RO         3547    i.Task              task_sort_optimize.o
    0x080074d8   0x080074d8   0x00000164   Code   RO         3588    i.Task              task_zero_state.o
    0x0800763c   0x0800763c   0x000000a4   Code   RO         3628    i.Task              task_gripper_calibration.o
    0x080076e0   0x080076e0   0x00000114   Code   RO         1990    i.Terminal_Cmd_Handlers_Init  terminal_cmd_handler.o
    0x080077f4   0x080077f4   0x00000024   Code   RO         1515    i.TorqueDisable     dynamixel_ax.o
    0x08007818   0x08007818   0x00000028   Code   RO         1516    i.TorqueEnable      dynamixel_ax.o
    0x08007840   0x08007840   0x00000054   Code   RO         3247    i.Transmit_Bytes    serial_protocol.o
    0x08007894   0x08007894   0x00000054   Code   RO         1705    i.Transmit_Cmd      dynamixel_protocol10.o
    0x080078e8   0x080078e8   0x00000064   Code   RO         2594    i.Transmit_Cmd      hl_new.o
    0x0800794c   0x0800794c   0x0000002c   Code   RO         1706    i.Transmit_Next     dynamixel_protocol10.o
    0x08007978   0x08007978   0x0000002c   Code   RO         2595    i.Transmit_Next     hl_new.o
    0x080079a4   0x080079a4   0x00000024   Code   RO         3248    i.Transmit_Next_Queue_Element  serial_protocol.o
    0x080079c8   0x080079c8   0x00000010   Code   RO          597    i.UART4_IRQHandler  irq_process.o
    0x080079d8   0x080079d8   0x000000c8   Code   RO          780    i.UART4_RS485_Init  board_hw_config.o
    0x08007aa0   0x08007aa0   0x00000010   Code   RO          598    i.UART5_IRQHandler  irq_process.o
    0x08007ab0   0x08007ab0   0x000000cc   Code   RO          781    i.UART5_Serial_Init  board_hw_config.o
    0x08007b7c   0x08007b7c   0x00000010   Code   RO          599    i.USART1_IRQHandler  irq_process.o
    0x08007b8c   0x08007b8c   0x000000c4   Code   RO          782    i.USART1_Terminal_Init  board_hw_config.o
    0x08007c50   0x08007c50   0x000000ec   Code   RO          783    i.USART3_Dynamixel_Init  board_hw_config.o
    0x08007d3c   0x08007d3c   0x00000010   Code   RO          600    i.USART3_IRQHandler  irq_process.o
    0x08007d4c   0x08007d4c   0x00000010   Code   RO          601    i.USART6_IRQHandler  irq_process.o
    0x08007d5c   0x08007d5c   0x000000c8   Code   RO          784    i.USART6_RS485_Init  board_hw_config.o
    0x08007e24   0x08007e24   0x000000b4   Code   RO         1707    i.USART_RX_Complete_Callabck_Master  dynamixel_protocol10.o
    0x08007ed8   0x08007ed8   0x00000002   Code   RO         2596    i.USART_RX_Complete_Callabck_Master  hl_new.o
    0x08007eda   0x08007eda   0x00000002   PAD
    0x08007edc   0x08007edc   0x00000038   Code   RO         3249    i.USART_RX_Complete_Callabck_MasterSlave  serial_protocol.o
    0x08007f14   0x08007f14   0x00000002   Code   RO         1708    i.USART_RX_Complete_Callabck_Slave  dynamixel_protocol10.o
    0x08007f16   0x08007f16   0x00000002   PAD
    0x08007f18   0x08007f18   0x0000004c   Code   RO         2597    i.USART_RX_Complete_Callabck_Slave  hl_new.o
    0x08007f64   0x08007f64   0x00000044   Code   RO         1709    i.USART_RX_Timeout_Callback  dynamixel_protocol10.o
    0x08007fa8   0x08007fa8   0x00000002   Code   RO         2598    i.USART_RX_Timeout_Callback  hl_new.o
    0x08007faa   0x08007faa   0x00000002   PAD
    0x08007fac   0x08007fac   0x0000000c   Code   RO         3250    i.USART_RX_Timeout_Callback  serial_protocol.o
    0x08007fb8   0x08007fb8   0x00000054   Code   RO         1710    i.USART_TX_Complete_Callabck_Master  dynamixel_protocol10.o
    0x0800800c   0x0800800c   0x00000002   Code   RO         2599    i.USART_TX_Complete_Callabck_Master  hl_new.o
    0x0800800e   0x0800800e   0x00000002   PAD
    0x08008010   0x08008010   0x0000002c   Code   RO         3251    i.USART_TX_Complete_Callabck_MasterSlave  serial_protocol.o
    0x0800803c   0x0800803c   0x00000002   Code   RO         1711    i.USART_TX_Complete_Callabck_Slave  dynamixel_protocol10.o
    0x0800803e   0x0800803e   0x00000002   PAD
    0x08008040   0x08008040   0x0000002c   Code   RO         2600    i.USART_TX_Complete_Callabck_Slave  hl_new.o
    0x0800806c   0x0800806c   0x000001a0   Code   RO         1093    i.USARTx_AttachProtocol  usartx_communication.o
    0x0800820c   0x0800820c   0x00000064   Code   RO         1094    i.USARTx_GetLine    usartx_communication.o
    0x08008270   0x08008270   0x0000006c   Code   RO         1095    i.USARTx_IRQ_Process  usartx_communication.o
    0x080082dc   0x080082dc   0x00000030   Code   RO         1342    i.USARTx_Timeout_IRQ_Process  usartx_timeout.o
    0x0800830c   0x0800830c   0x00000144   Code   RO          467    i.UpdatePath        kinematics.o
    0x08008450   0x08008450   0x00000084   Code   RO         2729    i.UpdatePath        odometry.o
    0x080084d4   0x080084d4   0x00000004   Code   RO          284    i.UsageFault_Handler  stm32f4xx_it.o
    0x080084d8   0x080084d8   0x00000006   Code   RO         1517    i.Word16_To_Byte    dynamixel_ax.o
    0x080084de   0x080084de   0x00000006   Code   RO         1991    i.Word16_To_Byte    terminal_cmd_handler.o
    0x080084e4   0x080084e4   0x00000006   Code   RO         1841    i.Word32_To_Byte    maxon.o
    0x080084ea   0x080084ea   0x00000006   Code   RO         1992    i.Word32_To_Byte    terminal_cmd_handler.o
    0x080084f0   0x080084f0   0x00000006   Code   RO         1993    i.Word8_To_Byte     terminal_cmd_handler.o
    0x080084f6   0x080084f6   0x00000002   PAD
    0x080084f8   0x080084f8   0x0000003c   Code   RO         3252    i.WriteBytes        serial_protocol.o
    0x08008534   0x08008534   0x0000007c   Code   RO         1712    i.Write_Cmd         dynamixel_protocol10.o
    0x080085b0   0x080085b0   0x00000034   Code   RO         1994    i.ZeroState         terminal_cmd_handler.o
    0x080085e4   0x080085e4   0x00000034   Code   RO         1995    i.Zhanibek          terminal_cmd_handler.o
    0x08008618   0x08008618   0x0000001a   Code   RO          785    i.__NVIC_EnableIRQ  board_hw_config.o
    0x08008632   0x08008632   0x00000002   PAD
    0x08008634   0x08008634   0x00000028   Code   RO          786    i.__NVIC_SetPriority  board_hw_config.o
    0x0800865c   0x0800865c   0x0000000e   Code   RO         6657    i.__scatterload_copy  mc_w.l(handlers.o)
    0x0800866a   0x0800866a   0x00000002   Code   RO         6658    i.__scatterload_null  mc_w.l(handlers.o)
    0x0800866c   0x0800866c   0x0000000e   Code   RO         6659    i.__scatterload_zeroinit  mc_w.l(handlers.o)
    0x0800867a   0x0800867a   0x00000002   PAD
    0x0800867c   0x0800867c   0x00000090   Code   RO         5528    i.arm_cos_f32       arm_cos_f32.o
    0x0800870c   0x0800870c   0x00000008   Code   RO         5072    i.arm_mat_init_f32  arm_mat_init_f32.o
    0x08008714   0x08008714   0x00000144   Code   RO         5192    i.arm_mat_mult_f32  arm_mat_mult_f32.o
    0x08008858   0x08008858   0x000000b0   Code   RO         5604    i.arm_sin_f32       arm_sin_f32.o
    0x08008908   0x08008908   0x00000170   Code   RO         3314    i.driveDC           dc_motor.o
    0x08008a78   0x08008a78   0x00000180   Code   RO           16    i.main              main.o
    0x08008bf8   0x08008bf8   0x000000a4   Code   RO         6191    i.prvAddCurrentTaskToDelayedList  tasks.o
    0x08008c9c   0x08008c9c   0x000000b4   Code   RO         6192    i.prvAddNewTaskToReadyList  tasks.o
    0x08008d50   0x08008d50   0x00000048   Code   RO         6193    i.prvCheckTasksWaitingTermination  tasks.o
    0x08008d98   0x08008d98   0x00000002   Code   RO         6194    i.prvDeleteTCB      tasks.o
    0x08008d9a   0x08008d9a   0x00000002   PAD
    0x08008d9c   0x08008d9c   0x00000028   Code   RO         6195    i.prvIdleTask       tasks.o
    0x08008dc4   0x08008dc4   0x000000b8   Code   RO         6196    i.prvInitialiseNewTask  tasks.o
    0x08008e7c   0x08008e7c   0x00000068   Code   RO         6197    i.prvInitialiseTaskLists  tasks.o
    0x08008ee4   0x08008ee4   0x00000030   Code   RO         6198    i.prvResetNextTaskUnblockTime  tasks.o
    0x08008f14   0x08008f14   0x00000040   Code   RO         6528    i.prvTaskExitError  port.o
    0x08008f54   0x08008f54   0x00000058   Code   RO         6199    i.prvTaskIsTaskSuspended  tasks.o
    0x08008fac   0x08008fac   0x0000002c   Code   RO         6529    i.pxPortInitialiseStack  port.o
    0x08008fd8   0x08008fd8   0x0000023c   Code   RO         3315    i.setPosition       dc_motor.o
    0x08009214   0x08009214   0x00000298   Code   RO         3316    i.setPosition01motor  dc_motor.o
    0x080094ac   0x080094ac   0x000000e0   Code   RO         3318    i.setPosition1motor  dc_motor.o
    0x0800958c   0x0800958c   0x000000cc   Code   RO         3319    i.setPosition2motor  dc_motor.o
    0x08009658   0x08009658   0x00000028   Code   RO         5843    i.uxListRemove      list.o
    0x08009680   0x08009680   0x00000018   Code   RO         2560    i.vApplicationGetIdleTaskMemory  freertos_routine_plug.o
    0x08009698   0x08009698   0x0000001a   Code   RO         5844    i.vListInitialise   list.o
    0x080096b2   0x080096b2   0x00000006   Code   RO         5845    i.vListInitialiseItem  list.o
    0x080096b8   0x080096b8   0x00000034   Code   RO         5846    i.vListInsert       list.o
    0x080096ec   0x080096ec   0x00000018   Code   RO         5847    i.vListInsertEnd    list.o
    0x08009704   0x08009704   0x00000054   Code   RO         6531    i.vPortEnterCritical  port.o
    0x08009758   0x08009758   0x0000003c   Code   RO         6532    i.vPortExitCritical  port.o
    0x08009794   0x08009794   0x00000028   Code   RO         6533    i.vPortSetupTimerInterrupt  port.o
    0x080097bc   0x080097bc   0x0000005c   Code   RO         6207    i.vTaskDelay        tasks.o
    0x08009818   0x08009818   0x00000090   Code   RO         6218    i.vTaskResume       tasks.o
    0x080098a8   0x080098a8   0x000000b8   Code   RO         6220    i.vTaskStartScheduler  tasks.o
    0x08009960   0x08009960   0x00000100   Code   RO         6221    i.vTaskSuspend      tasks.o
    0x08009a60   0x08009a60   0x00000010   Code   RO         6222    i.vTaskSuspendAll   tasks.o
    0x08009a70   0x08009a70   0x0000008c   Code   RO         6223    i.vTaskSwitchContext  tasks.o
    0x08009afc   0x08009afc   0x00000168   Code   RO         6535    i.xPortStartScheduler  port.o
    0x08009c64   0x08009c64   0x000000b4   Code   RO         6227    i.xTaskCreateStatic  tasks.o
    0x08009d18   0x08009d18   0x000000d8   Code   RO         6228    i.xTaskDelayUntil   tasks.o
    0x08009df0   0x08009df0   0x0000000c   Code   RO         6235    i.xTaskGetTickCount  tasks.o
    0x08009dfc   0x08009dfc   0x00000148   Code   RO         6237    i.xTaskIncrementTick  tasks.o
    0x08009f44   0x08009f44   0x00000104   Code   RO         6241    i.xTaskResumeAll    tasks.o
    0x0800a048   0x0800a048   0x0000006c   Data   RO          468    .constdata          kinematics.o
    0x0800a0b4   0x0800a0b4   0x0000002b   Data   RO          787    .constdata          board_hw_config.o
    0x0800a0df   0x0800a0df   0x00000008   Data   RO         1097    .constdata          usartx_communication.o
    0x0800a0e7   0x0800a0e7   0x0000002b   Data   RO         2679    .constdata          ws2812b.o
    0x0800a112   0x0800a112   0x00000018   Data   RO         3668    .constdata          system_stm32f4xx.o
    0x0800a12a   0x0800a12a   0x00000008   Data   RO         3870    .constdata          stm32f4xx_ll_dma.o
    0x0800a132   0x0800a132   0x00000002   PAD
    0x0800a134   0x0800a134   0x00034eca   Data   RO         5724    .constdata          arm_common_tables.o
    0x0803effe   0x0803effe   0x00000002   PAD
    0x0803f000   0x0803f000   0x00000030   Data   RO         6655    Region$$Table       anon$$obj.o


    Execution Region RW_IRAM2 (Exec base: 0x10000000, Load base: 0x0803f2fc, Size: 0x00000000, Max: 0x00010000, ABSOLUTE)

    **** No section assigned to this execution region ****


    Execution Region RW_IRAM1 (Exec base: 0x20000000, Load base: 0x0803f030, Size: 0x00008230, Max: 0x00020000, ABSOLUTE, COMPRESSED[0x000002cc])

    Exec Addr    Load Addr    Size         Type   Attr      Idx    E Section Name        Object

    0x20000000   COMPRESSED   0x00000078   Data   RW          366    .data               l6474_drvr.o
    0x20000078   COMPRESSED   0x00000070   Data   RW          469    .data               kinematics.o
    0x200000e8   COMPRESSED   0x00000005   Data   RW          535    .data               robot_behavior_routine.o
    0x200000ed   COMPRESSED   0x00000003   PAD
    0x200000f0   COMPRESSED   0x00000004   Data   RW          678    .data               spi_gpio.o
    0x200000f4   COMPRESSED   0x0000003c   Data   RW         1098    .data               usartx_communication.o
    0x20000130   COMPRESSED   0x0000000c   Data   RW         1295    .data               odometry_task.o
    0x2000013c   COMPRESSED   0x00000001   Data   RW         1345    .data               usartx_timeout.o
    0x2000013d   COMPRESSED   0x00000003   PAD
    0x20000140   COMPRESSED   0x0000000c   Data   RW         1457    .data               terminal_task.o
    0x2000014c   COMPRESSED   0x00000030   Data   RW         1519    .data               dynamixel_ax.o
    0x2000017c   COMPRESSED   0x00000034   Data   RW         1714    .data               dynamixel_protocol10.o
    0x200001b0   COMPRESSED   0x00000028   Data   RW         1843    .data               maxon.o
    0x200001d8   COMPRESSED   0x00000008   Data   RW         1921    .data               terminal.o
    0x200001e0   COMPRESSED   0x0000003c   Data   RW         2218    .data               stepper.o
    0x2000021c   COMPRESSED   0x000000d4   Data   RW         2336    .data               rc_servo.o
    0x200002f0   COMPRESSED   0x00000010   Data   RW         2602    .data               hl_new.o
    0x20000300   COMPRESSED   0x00000018   Data   RW         2731    .data               odometry.o
    0x20000318   COMPRESSED   0x00000018   Data   RW         2871    .data               bus_device_def.o
    0x20000330   COMPRESSED   0x0000000c   Data   RW         2899    .data               button.o
    0x2000033c   COMPRESSED   0x0000000c   Data   RW         2942    .data               button_task.o
    0x20000348   COMPRESSED   0x0000000c   Data   RW         2982    .data               game_task.o
    0x20000354   COMPRESSED   0x0000000c   Data   RW         3061    .data               grub_pile_task.o
    0x20000360   COMPRESSED   0x0000007c   Data   RW         3097    .data               flags.o
    0x200003dc   COMPRESSED   0x0000000c   Data   RW         3125    .data               release_pile_task.o
    0x200003e8   COMPRESSED   0x0000000c   Data   RW         3166    .data               task_dc.o
    0x200003f4   COMPRESSED   0x00000010   Data   RW         3206    .data               encoder_board_drvr.o
    0x20000404   COMPRESSED   0x00000014   Data   RW         3254    .data               serial_protocol.o
    0x20000418   COMPRESSED   0x0000000c   Data   RW         3386    .data               task_dc1.o
    0x20000424   COMPRESSED   0x0000000c   Data   RW         3427    .data               task_dc2.o
    0x20000430   COMPRESSED   0x00000014   Data   RW         3468    .data               task_dc0.o
    0x20000444   COMPRESSED   0x00000034   Data   RW         3509    .data               task_sort.o
    0x20000478   COMPRESSED   0x00000034   Data   RW         3550    .data               task_sort_optimize.o
    0x200004ac   COMPRESSED   0x00000010   Data   RW         3590    .data               task_zero_state.o
    0x200004bc   COMPRESSED   0x0000000c   Data   RW         3630    .data               task_gripper_calibration.o
    0x200004c8   COMPRESSED   0x00000004   Data   RW         3669    .data               system_stm32f4xx.o
    0x200004cc   COMPRESSED   0x00000040   Data   RW         6244    .data               tasks.o
    0x2000050c   COMPRESSED   0x0000000c   Data   RW         6536    .data               port.o
    0x20000518        -       0x00000bb8   Zero   RW         1096    .bss                usartx_communication.o
    0x200010d0        -       0x00000854   Zero   RW         1293    .bss                odometry_task.o
    0x20001924        -       0x00000048   Zero   RW         1343    .bss                usartx_timeout.o
    0x2000196c        -       0x00000854   Zero   RW         1456    .bss                terminal_task.o
    0x200021c0        -       0x00000100   Zero   RW         1996    .bss                terminal_cmd_handler.o
    0x200022c0        -       0x00000020   Zero   RW         2216    .bss                stepper.o
    0x200022e0        -       0x00000094   Zero   RW         2561    .bss                freertos_routine_plug.o
    0x20002374        -       0x00000018   Zero   RW         2730    .bss                odometry.o
    0x2000238c        -       0x000000c4   Zero   RW         2898    .bss                button.o
    0x20002450        -       0x00000154   Zero   RW         2941    .bss                button_task.o
    0x200025a4        -       0x00000854   Zero   RW         2981    .bss                game_task.o
    0x20002df8        -       0x00000854   Zero   RW         3060    .bss                grub_pile_task.o
    0x2000364c        -       0x00000854   Zero   RW         3124    .bss                release_pile_task.o
    0x20003ea0        -       0x00000854   Zero   RW         3164    .bss                task_dc.o
    0x200046f4        -       0x00000854   Zero   RW         3384    .bss                task_dc1.o
    0x20004f48        -       0x00000854   Zero   RW         3425    .bss                task_dc2.o
    0x2000579c        -       0x00000854   Zero   RW         3466    .bss                task_dc0.o
    0x20005ff0        -       0x00000854   Zero   RW         3507    .bss                task_sort.o
    0x20006844        -       0x00000854   Zero   RW         3548    .bss                task_sort_optimize.o
    0x20007098        -       0x00000854   Zero   RW         3589    .bss                task_zero_state.o
    0x200078ec        -       0x00000854   Zero   RW         3629    .bss                task_gripper_calibration.o
    0x20008140        -       0x000000f0   Zero   RW         6243    .bss                tasks.o


    Execution Region ARM_LIB_STACK (Exec base: 0x2001fc00, Load base: 0x0803f030, Size: 0x00000400, Max: 0xffffffff, ABSOLUTE)

    Exec Addr    Load Addr    Size         Type   Attr      Idx    E Section Name        Object

    0x2001fc00        -       0x00000400   Zero   RW            1    STACK               startup_stm32f407xx.o


==============================================================================

Image component sizes


      Code (inc. data)   RO Data    RW Data    ZI Data      Debug   Object Name

         0          0     216778          0          0       4756   arm_common_tables.o
       144         12          0          0          0        802   arm_cos_f32.o
         8          0          0          0          0       1075   arm_mat_init_f32.o
       324          4          0          0          0       1703   arm_mat_mult_f32.o
       176         18          0          0          0        986   arm_sin_f32.o
      4066        230         43          0          0     146666   board_hw_config.o
         0          0          0         24          0        955   bus_device_def.o
       688         12          0         12        196       7729   button.o
       244         52          0         12        340       2878   button_task.o
      2042         58          0          0          0       6221   dc_motor.o
       684         76          0         48          0      11659   dynamixel_ax.o
      1360         74          0         52          0      18707   dynamixel_protocol10.o
       186         14          0         16          0       4523   encoder_board_drvr.o
         0          0          0          0          0      16116   event_groups.o
       178          0          0          0          0       4171   fifo_routine.o
         0          0          0        124          0       1267   flags.o
        24         10          0          0        148      11056   freertos_routine_plug.o
       228         50          0         12       2132       2812   game_task.o
      1174         24          0          0          0       2472   gpio_board_config.o
       216         10          0          0          0        740   gpio_robot_config.o
       192         58          0         12       2132       3037   grub_pile_task.o
       736         56          0         16          0       9449   hl_new.o
       104         30          0          0          0       4465   irq_process.o
       712         70        108        112          0      44317   kinematics.o
      1088         86          0        120          0      27937   l6474_drvr.o
       148          0          0          0          0       3570   list.o
       628        120          0          0          0     647616   main.o
       592         72          0         40          0       9800   maxon.o
       428         72          0         24         24       4589   odometry.o
       136         50          0         12       2132       3661   odometry_task.o
       894         78          0         12          0      11072   port.o
       410         56          0        212          0      32037   rc_servo.o
       196         62          0         12       2132       3024   release_pile_task.o
       392         46          0          5          0       3946   robot_behavior_routine.o
       624         62          0         20          0       7322   serial_protocol.o
       322         28          0          4          0      14069   spi_gpio.o
        36          8        392          0       1024        848   startup_stm32f407xx.o
       920        122          0         60         32      37231   stepper.o
        82         14          0          0          0       3450   stm32f4xx_it.o
       278         14          8          0          0      22002   stm32f4xx_ll_dma.o
       312          0          0          0          0       7379   stm32f4xx_ll_gpio.o
       134          0          0          0          0      15154   stm32f4xx_ll_spi.o
       208         24         24          4          0       1923   system_stm32f4xx.o
       192         48          0         12       2132       2890   task_dc.o
       244         60          0         20       2132       2947   task_dc0.o
       180         48          0         12       2132       2995   task_dc1.o
       180         48          0         12       2132       2995   task_dc2.o
       244         54          0         12       2132       3075   task_gripper_calibration.o
      4924        318          0         52       2132       5120   task_sort.o
      4776        338          0         52       2132       5173   task_sort_optimize.o
       436         64          0         16       2132       2962   task_zero_state.o
      2710        350          0         64        240      26308   tasks.o
        48         16          0          8          0       1949   terminal.o
      2972        486          0          0        256      33217   terminal_cmd_handler.o
       180         54          0         12       2132       3479   terminal_task.o
      1328        124          8         60       3000      44997   usartx_communication.o
       308         36          0          1         72      29015   usartx_timeout.o
       146         14         43          0          0      43282   ws2812b.o

    ----------------------------------------------------------------------
     40228       3830     217456       1304      33048    1375596   Object Totals
         0          0         48          0          0          0   (incl. Generated)
        46          0          4          6          0          0   (incl. Padding)

    ----------------------------------------------------------------------

      Code (inc. data)   RO Data    RW Data    ZI Data      Debug   Library Member Name

        86          0          0          0          0          0   __dczerorl2.o
         0          0          0          0          0          0   entry.o
         0          0          0          0          0          0   entry10a.o
         0          0          0          0          0          0   entry11a.o
         4          0          0          0          0          0   entry12b.o
         8          4          0          0          0          0   entry4.o
         4          0          0          0          0          0   entry5.o
         0          0          0          0          0          0   entry7b.o
         0          0          0          0          0          0   entry8b.o
         8          4          0          0          0          0   entry9a.o
        30          0          0          0          0          0   handlers.o
        36          8          0          0          0         68   init.o
        30          0          0          0          0         68   llshl.o
        32          0          0          0          0         68   llushr.o
        36          0          0          0          0         68   memcpya.o
        36          0          0          0          0        108   memseta.o
        98          0          0          0          0         92   uldiv.o

    ----------------------------------------------------------------------
       412         16          0          0          0        472   Library Totals
         4          0          0          0          0          0   (incl. Padding)

    ----------------------------------------------------------------------

      Code (inc. data)   RO Data    RW Data    ZI Data      Debug   Library Name

       408         16          0          0          0        472   mc_w.l

    ----------------------------------------------------------------------
       412         16          0          0          0        472   Library Totals

    ----------------------------------------------------------------------

==============================================================================


      Code (inc. data)   RO Data    RW Data    ZI Data      Debug   

     40640       3846     217456       1304      33048    1337796   Grand Totals
     40640       3846     217456        716      33048    1337796   ELF Image Totals (compressed)
     40640       3846     217456        716          0          0   ROM Totals

==============================================================================

    Total RO  Size (Code + RO Data)               258096 ( 252.05kB)
    Total RW  Size (RW Data + ZI Data)             34352 (  33.55kB)
    Total ROM Size (Code + RO Data + RW Data)     258812 ( 252.75kB)

==============================================================================

